Component: ARM Compiler 5.06 update 7 (build 960) Tool: armlink [4d3601]

==============================================================================

Section Cross References

    startup_stm32f103xe.o(STACK) refers (Special) to heapauxi.o(.text) for __use_two_region_memory
    startup_stm32f103xe.o(HEAP) refers (Special) to heapauxi.o(.text) for __use_two_region_memory
    startup_stm32f103xe.o(RESET) refers (Special) to heapauxi.o(.text) for __use_two_region_memory
    startup_stm32f103xe.o(RESET) refers to startup_stm32f103xe.o(STACK) for __initial_sp
    startup_stm32f103xe.o(RESET) refers to startup_stm32f103xe.o(.text) for Reset_Handler
    startup_stm32f103xe.o(RESET) refers to stm32f1xx_it.o(i.NMI_Handler) for NMI_Handler
    startup_stm32f103xe.o(RESET) refers to stm32f1xx_it.o(i.HardFault_Handler) for HardFault_Handler
    startup_stm32f103xe.o(RESET) refers to stm32f1xx_it.o(i.MemManage_Handler) for MemManage_Handler
    startup_stm32f103xe.o(RESET) refers to stm32f1xx_it.o(i.BusFault_Handler) for BusFault_Handler
    startup_stm32f103xe.o(RESET) refers to stm32f1xx_it.o(i.UsageFault_Handler) for UsageFault_Handler
    startup_stm32f103xe.o(RESET) refers to stm32f1xx_it.o(i.SVC_Handler) for SVC_Handler
    startup_stm32f103xe.o(RESET) refers to stm32f1xx_it.o(i.DebugMon_Handler) for DebugMon_Handler
    startup_stm32f103xe.o(RESET) refers to stm32f1xx_it.o(i.PendSV_Handler) for PendSV_Handler
    startup_stm32f103xe.o(RESET) refers to stm32f1xx_it.o(i.SysTick_Handler) for SysTick_Handler
    startup_stm32f103xe.o(RESET) refers to stm32f1xx_it.o(i.EXTI0_IRQHandler) for EXTI0_IRQHandler
    startup_stm32f103xe.o(RESET) refers to stm32f1xx_it.o(i.EXTI1_IRQHandler) for EXTI1_IRQHandler
    startup_stm32f103xe.o(RESET) refers to stm32f1xx_it.o(i.EXTI2_IRQHandler) for EXTI2_IRQHandler
    startup_stm32f103xe.o(RESET) refers to stm32f1xx_it.o(i.EXTI3_IRQHandler) for EXTI3_IRQHandler
    startup_stm32f103xe.o(RESET) refers to stm32f1xx_it.o(i.DMA1_Channel4_IRQHandler) for DMA1_Channel4_IRQHandler
    startup_stm32f103xe.o(RESET) refers to stm32f1xx_it.o(i.DMA1_Channel5_IRQHandler) for DMA1_Channel5_IRQHandler
    startup_stm32f103xe.o(RESET) refers to stm32f1xx_it.o(i.USART1_IRQHandler) for USART1_IRQHandler
    startup_stm32f103xe.o(.text) refers (Special) to heapauxi.o(.text) for __use_two_region_memory
    startup_stm32f103xe.o(.text) refers to system_stm32f1xx.o(i.SystemInit) for SystemInit
    startup_stm32f103xe.o(.text) refers to __main.o(!!!main) for __main
    startup_stm32f103xe.o(.text) refers to startup_stm32f103xe.o(HEAP) for Heap_Mem
    startup_stm32f103xe.o(.text) refers to startup_stm32f103xe.o(STACK) for Stack_Mem
    motor.o(i.motor_backward) refers to stm32f1xx_hal_gpio.o(i.HAL_GPIO_WritePin) for HAL_GPIO_WritePin
    motor.o(i.motor_forward) refers to stm32f1xx_hal_gpio.o(i.HAL_GPIO_WritePin) for HAL_GPIO_WritePin
    motor.o(i.motor_set_direction) refers to motor.o(i.motor_stop) for motor_stop
    motor.o(i.motor_set_direction) refers to motor.o(i.motor_forward) for motor_forward
    motor.o(i.motor_set_direction) refers to motor.o(i.motor_backward) for motor_backward
    motor.o(i.motor_stop) refers to stm32f1xx_hal_gpio.o(i.HAL_GPIO_WritePin) for HAL_GPIO_WritePin
    main.o(i.MX_GPIO_Init) refers to stm32f1xx_hal_gpio.o(i.HAL_GPIO_WritePin) for HAL_GPIO_WritePin
    main.o(i.MX_GPIO_Init) refers to stm32f1xx_hal_gpio.o(i.HAL_GPIO_Init) for HAL_GPIO_Init
    main.o(i.MX_GPIO_Init) refers to stm32f1xx_hal_cortex.o(i.HAL_NVIC_SetPriority) for HAL_NVIC_SetPriority
    main.o(i.MX_GPIO_Init) refers to stm32f1xx_hal_cortex.o(i.HAL_NVIC_EnableIRQ) for HAL_NVIC_EnableIRQ
    main.o(i.MX_TIM1_Init) refers to rt_memclr_w.o(.text) for __aeabi_memclr4
    main.o(i.MX_TIM1_Init) refers to stm32f1xx_hal_tim.o(i.HAL_TIM_Encoder_Init) for HAL_TIM_Encoder_Init
    main.o(i.MX_TIM1_Init) refers to stm32f1xx_hal_tim_ex.o(i.HAL_TIMEx_MasterConfigSynchronization) for HAL_TIMEx_MasterConfigSynchronization
    main.o(i.MX_TIM1_Init) refers to main.o(.bss) for .bss
    main.o(i.MX_TIM2_Init) refers to rt_memclr_w.o(.text) for __aeabi_memclr4
    main.o(i.MX_TIM2_Init) refers to stm32f1xx_hal_tim.o(i.HAL_TIM_Base_Init) for HAL_TIM_Base_Init
    main.o(i.MX_TIM2_Init) refers to stm32f1xx_hal_tim.o(i.HAL_TIM_ConfigClockSource) for HAL_TIM_ConfigClockSource
    main.o(i.MX_TIM2_Init) refers to stm32f1xx_hal_tim.o(i.HAL_TIM_PWM_Init) for HAL_TIM_PWM_Init
    main.o(i.MX_TIM2_Init) refers to stm32f1xx_hal_tim_ex.o(i.HAL_TIMEx_MasterConfigSynchronization) for HAL_TIMEx_MasterConfigSynchronization
    main.o(i.MX_TIM2_Init) refers to stm32f1xx_hal_tim.o(i.HAL_TIM_PWM_ConfigChannel) for HAL_TIM_PWM_ConfigChannel
    main.o(i.MX_TIM2_Init) refers to stm32f1xx_hal_msp.o(i.HAL_TIM_MspPostInit) for HAL_TIM_MspPostInit
    main.o(i.MX_TIM2_Init) refers to main.o(.bss) for .bss
    main.o(i.MX_TIM3_Init) refers to rt_memclr_w.o(.text) for __aeabi_memclr4
[...]
    .constdata__ZZN3ros11NodeHandle_I13STM32HardwareLi25ELi25ELi1024ELi1024EE7publishEiPKNS_3MsgEEs 0x080048bc   Section       57  ros_main.o(.constdata__ZZN3ros11NodeHandle_I13STM32HardwareLi25ELi25ELi1024ELi1024EE7publishEiPKNS_3MsgEEs)
    .constdata__ZZN8std_msgs4Time6getMD5EvEs 0x080048f5   Section       33  ros_main.o(.constdata__ZZN8std_msgs4Time6getMD5EvEs)
    .constdata__ZZN8std_msgs4Time7getTypeEvEs 0x08004916   Section       14  ros_main.o(.constdata__ZZN8std_msgs4Time7getTypeEvEs)
    .constdata__ZZN8std_msgs6String6getMD5EvEs 0x08004924   Section       33  ros_main.o(.constdata__ZZN8std_msgs6String6getMD5EvEs)
    .constdata__ZZN8std_msgs6String7getTypeEvEs 0x08004945   Section       16  ros_main.o(.constdata__ZZN8std_msgs6String7getTypeEvEs)
    .constdata__ZZN8std_msgs6StringC1EvEs    0x08004955   Section        1  ros_main.o(.constdata__ZZN8std_msgs6StringC1EvEs)
    .init_array                              0x08004978   Section        4  ros_main.o(.init_array)
    .init_array                              0x0800497c   Section        0  init_aeabi.o(.init_array)
    .data                                    0x20000000   Section        8  main.o(.data)
    .data                                    0x20000008   Section       12  stm32f1xx_hal.o(.data)
    .data                                    0x20000014   Section        4  system_stm32f1xx.o(.data)
    .data                                    0x20000018   Section       72  ros_main.o(.data)
    .data__ZZN13STM32Hardware5flushEvE5mutex 0x20000060   Section        1  ros_main.o(.data__ZZN13STM32Hardware5flushEvE5mutex)
    .bss                                     0x20000064   Section      300  main.o(.bss)
    .bss                                     0x20000190   Section       68  main.o(.bss)
    .bss                                     0x200001d4   Section       68  main.o(.bss)
    .bss                                     0x20000218   Section     3496  ros_main.o(.bss)
    .bss                                     0x20000fc0   Section       96  libspace.o(.bss)
    HEAP                                     0x20001020   Section     4096  startup_stm32f103xe.o(HEAP)
    Heap_Mem                                 0x20001020   Data        4096  startup_stm32f103xe.o(HEAP)
    STACK                                    0x20002020   Section     2048  startup_stm32f103xe.o(STACK)
    Stack_Mem                                0x20002020   Data        2048  startup_stm32f103xe.o(STACK)
    __initial_sp                             0x20002820   Data           0  startup_stm32f103xe.o(STACK)

    Global Symbols

    Symbol Name                              Value     Ov Type        Size  Object(Section)

    BuildAttributes$$THM_ISAv4$P$D$K$B$S$PE$A:L22UL41UL21$X:L11$S22US41US21$IEEE1$IW$USESV6$~STKCKD$USESV7$~SHL$OTIME$ROPI$EBA8$UX$STANDARDLIB$REQ8$PRES8$EABIv2 0x00000000   Number         0  anon$$obj.o ABSOLUTE
    __ARM_use_no_argv                        0x00000000   Number         0  main.o ABSOLUTE
    __ARM::default_unexpected_handler()       - Undefined Weak Reference
    __ARM_exceptions_buffer_required          - Undefined Weak Reference
    __ARM_exceptions_init                     - Undefined Weak Reference
    __alloca_initialize                       - Undefined Weak Reference
    __arm_fini_                               - Undefined Weak Reference
    __arm_preinit_                            - Undefined Weak Reference
    __cxa_finalize                            - Undefined Weak Reference
    __rt_locale                               - Undefined Weak Reference
    __sigvec_lookup                           - Undefined Weak Reference
    __user_heap_extent                        - Undefined Weak Reference
    _atexit_init                              - Undefined Weak Reference
    _call_atexit_fns                          - Undefined Weak Reference
    _clock_init                               - Undefined Weak Reference
    _fp_trap_init                             - Undefined Weak Reference
    _fp_trap_shutdown                         - Undefined Weak Reference
    _get_lc_collate                           - Undefined Weak Reference
    _get_lc_ctype                             - Undefined Weak Reference
    _get_lc_monetary                          - Undefined Weak Reference
    _get_lc_numeric                           - Undefined Weak Reference
    _get_lc_time                              - Undefined Weak Reference
    _getenv_init                              - Undefined Weak Reference
    _handle_redirection                       - Undefined Weak Reference
    _initio                                   - Undefined Weak Reference
    _mutex_acquire                            - Undefined Weak Reference
    _mutex_free                               - Undefined Weak Reference
    _mutex_release                            - Undefined Weak Reference
    _rand_init                                - Undefined Weak Reference
    _signal_finish                            - Undefined Weak Reference
    _signal_init                              - Undefined Weak Reference
    _terminateio                              - Undefined Weak Reference
    __Vectors_Size                           0x00000130   Number         0  startup_stm32f103xe.o ABSOLUTE
    __Vectors                                0x08000000   Data           4  startup_stm32f103xe.o(RESET)
    __Vectors_End                            0x08000130   Data           0  startup_stm32f103xe.o(RESET)
    __main                                   0x08000131   Thumb Code     8  __main.o(!!!main)
    __scatterload                            0x08000139   Thumb Code     0  __scatter.o(!!!scatter)
    __scatterload_rt2                        0x08000139   Thumb Code    44  __scatter.o(!!!scatter)
    __scatterload_rt2_thumb_only             0x08000139   Thumb Code     0  __scatter.o(!!!scatter)
    __scatterload_null                       0x08000147   Thumb Code     0  __scatter.o(!!!scatter)
    __scatterload_copy                       0x0800016d   Thumb Code    26  __scatter_copy.o(!!handler_copy)
    __scatterload_zeroinit                   0x08000189   Thumb Code    28  __scatter_zi.o(!!handler_zi)
    __rt_lib_init                            0x080001a5   Thumb Code     0  libinit.o(.ARM.Collect$$libinit$$00000000)
    __rt_lib_init_fp_1                       0x080001a7   Thumb Code     0  libinit2.o(.ARM.Collect$$libinit$$00000002)
    __rt_lib_init_heap_2                     0x080001a7   Thumb Code     0  libinit2.o(.ARM.Collect$$libinit$$00000005)
    __rt_lib_init_preinit_1                  0x080001a7   Thumb Code     0  libinit2.o(.ARM.Collect$$libinit$$00000004)
    __rt_lib_init_alloca_1                   0x080001af   Thumb Code     0  libinit2.o(.ARM.Collect$$libinit$$0000002E)
    __rt_lib_init_argv_1                     0x080001af   Thumb Code     0  libinit2.o(.ARM.Collect$$libinit$$0000002C)
    __rt_lib_init_atexit_1                   0x080001af   Thumb Code     0  libinit2.o(.ARM.Collect$$libinit$$0000001B)
    __rt_lib_init_clock_1                    0x080001af   Thumb Code     0  libinit2.o(.ARM.Collect$$libinit$$00000021)
    __rt_lib_init_cpp_2                      0x080001af   Thumb Code     0  libinit2.o(.ARM.Collect$$libinit$$00000031)
    __rt_lib_init_exceptions_1               0x080001af   Thumb Code     0  libinit2.o(.ARM.Collect$$libinit$$00000030)
    __rt_lib_init_fp_trap_1                  0x080001af   Thumb Code     0  libinit2.o(.ARM.Collect$$libinit$$0000001F)
    __rt_lib_init_getenv_1                   0x080001af   Thumb Code     0  libinit2.o(.ARM.Collect$$libinit$$00000023)
    __rt_lib_init_heap_1                     0x080001af   Thumb Code     0  libinit2.o(.ARM.Collect$$libinit$$0000000A)
    __rt_lib_init_lc_collate_1               0x080001af   Thumb Code     0  libinit2.o(.ARM.Collect$$libinit$$00000011)
    __rt_lib_init_lc_ctype_1                 0x080001af   Thumb Code     0  libinit2.o(.ARM.Collect$$libinit$$00000013)
    __rt_lib_init_lc_monetary_1              0x080001af   Thumb Code     0  libinit2.o(.ARM.Collect$$libinit$$00000015)
    __rt_lib_init_lc_numeric_1               0x080001af   Thumb Code     0  libinit2.o(.ARM.Collect$$libinit$$00000017)
    __rt_lib_init_lc_time_1                  0x080001af   Thumb Code     0  libinit2.o(.ARM.Collect$$libinit$$00000019)
    __rt_lib_init_rand_1                     0x080001af   Thumb Code     0  libinit2.o(.ARM.Collect$$libinit$$0000000E)
    __rt_lib_init_signal_1                   0x080001af   Thumb Code     0  libinit2.o(.ARM.Collect$$libinit$$0000001D)
    __rt_lib_init_stdio_1                    0x080001af   Thumb Code     0  libinit2.o(.ARM.Collect$$libinit$$00000025)
    __rt_lib_init_user_alloc_1               0x080001af   Thumb Code     0  libinit2.o(.ARM.Collect$$libinit$$0000000C)
    __rt_lib_init_cpp_1                      0x080001b3   Thumb Code     0  libinit2.o(.ARM.Collect$$libinit$$00000032)
    __rt_lib_init_return                     0x080001b3   Thumb Code     0  libinit2.o(.ARM.Collect$$libinit$$00000033)
    __rt_lib_shutdown                        0x080001b5   Thumb Code     0  libshutdown.o(.ARM.Collect$$libshutdown$$00000000)
    __rt_lib_shutdown_cpp_1                  0x080001b7   Thumb Code     0  libshutdown2.o(.ARM.Collect$$libshutdown$$00000004)
    __rt_lib_shutdown_fini_1                 0x080001b7   Thumb Code     0  libshutdown2.o(.ARM.Collect$$libshutdown$$00000002)
    __rt_lib_shutdown_fp_trap_1              0x080001b7   Thumb Code     0  libshutdown2.o(.ARM.Collect$$libshutdown$$00000009)
    __rt_lib_shutdown_heap_1                 0x080001b7   Thumb Code     0  libshutdown2.o(.ARM.Collect$$libshutdown$$00000011)
    __rt_lib_shutdown_return                 0x080001b7   Thumb Code     0  libshutdown2.o(.ARM.Collect$$libshutdown$$00000012)
    __rt_lib_shutdown_signal_1               0x080001b7   Thumb Code     0  libshutdown2.o(.ARM.Collect$$libshutdown$$0000000C)
    __rt_lib_shutdown_stdio_1                0x080001b7   Thumb Code     0  libshutdown2.o(.ARM.Collect$$libshutdown$$00000006)
    __rt_lib_shutdown_user_alloc_1           0x080001b7   Thumb Code     0  libshutdown2.o(.ARM.Collect$$libshutdown$$0000000E)
    __rt_entry                               0x080001b9   Thumb Code     0  __rtentry.o(.ARM.Collect$$rtentry$$00000000)
    __rt_entry_presh_1                       0x080001b9   Thumb Code     0  __rtentry2.o(.ARM.Collect$$rtentry$$00000002)
    __rt_entry_sh                            0x080001b9   Thumb Code     0  __rtentry4.o(.ARM.Collect$$rtentry$$00000004)
    __rt_entry_li                            0x080001bf   Thumb Code     0  __rtentry2.o(.ARM.Collect$$rtentry$$0000000A)
    __rt_entry_postsh_1                      0x080001bf   Thumb Code     0  __rtentry2.o(.ARM.Collect$$rtentry$$00000009)
    __rt_entry_main                          0x080001c3   Thumb Code     0  __rtentry2.o(.ARM.Collect$$rtentry$$0000000D)
    __rt_entry_postli_1                      0x080001c3   Thumb Code     0  __rtentry2.o(.ARM.Collect$$rtentry$$0000000C)
    __rt_exit                                0x080001cb   Thumb Code     0  rtexit.o(.ARM.Collect$$rtexit$$00000000)
    __rt_exit_ls                             0x080001cd   Thumb Code     0  rtexit2.o(.ARM.Collect$$rtexit$$00000003)
    __rt_exit_prels_1                        0x080001cd   Thumb Code     0  rtexit2.o(.ARM.Collect$$rtexit$$00000002)
    __rt_exit_exit                           0x080001d1   Thumb Code     0  rtexit2.o(.ARM.Collect$$rtexit$$00000004)
    Reset_Handler                            0x080001d9   Thumb Code     8  startup_stm32f103xe.o(.text)
    _maybe_terminate_alloc                   0x080001d9   Thumb Code     0  maybetermalloc1.o(.emb_text)
    ADC1_2_IRQHandler                        0x080001f3   Thumb Code     0  startup_stm32f103xe.o(.text)
    ADC3_IRQHandler                          0x080001f3   Thumb Code     0  startup_stm32f103xe.o(.text)
    CAN1_RX1_IRQHandler                      0x080001f3   Thumb Code     0  startup_stm32f103xe.o(.text)
    CAN1_SCE_IRQHandler                      0x080001f3   Thumb Code     0  startup_stm32f103xe.o(.text)
    DMA1_Channel1_IRQHandler                 0x080001f3   Thumb Code     0  startup_stm32f103xe.o(.text)
    DMA1_Channel2_IRQHandler                 0x080001f3   Thumb Code     0  startup_stm32f103xe.o(.text)
    DMA1_Channel3_IRQHandler                 0x080001f3   Thumb Code     0  startup_stm32f103xe.o(.text)
    DMA1_Channel6_IRQHandler                 0x080001f3   Thumb Code     0  startup_stm32f103xe.o(.text)
    DMA1_Channel7_IRQHandler                 0x080001f3   Thumb Code     0  startup_stm32f103xe.o(.text)
    DMA2_Channel1_IRQHandler                 0x080001f3   Thumb Code     0  startup_stm32f103xe.o(.text)
    DMA2_Channel2_IRQHandler                 0x080001f3   Thumb Code     0  startup_stm32f103xe.o(.text)
    DMA2_Channel3_IRQHandler                 0x080001f3   Thumb Code     0  startup_stm32f103xe.o(.text)
    DMA2_Channel4_5_IRQHandler               0x080001f3   Thumb Code     0  startup_stm32f103xe.o(.text)
    EXTI15_10_IRQHandler                     0x080001f3   Thumb Code     0  startup_stm32f103xe.o(.text)
    EXTI4_IRQHandler                         0x080001f3   Thumb Code     0  startup_stm32f103xe.o(.text)
    EXTI9_5_IRQHandler                       0x080001f3   Thumb Code     0  startup_stm32f103xe.o(.text)
    FLASH_IRQHandler                         0x080001f3   Thumb Code     0  startup_stm32f103xe.o(.text)
    FSMC_IRQHandler                          0x080001f3   Thumb Code     0  startup_stm32f103xe.o(.text)
    I2C1_ER_IRQHandler                       0x080001f3   Thumb Code     0  startup_stm32f103xe.o(.text)
    I2C1_EV_IRQHandler                       0x080001f3   Thumb Code     0  startup_stm32f103xe.o(.text)
    I2C2_ER_IRQHandler                       0x080001f3   Thumb Code     0  startup_stm32f103xe.o(.text)
    I2C2_EV_IRQHandler                       0x080001f3   Thumb Code     0  startup_stm32f103xe.o(.text)
    PVD_IRQHandler                           0x080001f3   Thumb Code     0  startup_stm32f103xe.o(.text)
    RCC_IRQHandler                           0x080001f3   Thumb Code     0  startup_stm32f103xe.o(.text)
    RTC_Alarm_IRQHandler                     0x080001f3   Thumb Code     0  startup_stm32f103xe.o(.text)
    RTC_IRQHandler                           0x080001f3   Thumb Code     0  startup_stm32f103xe.o(.text)
    SDIO_IRQHandler                          0x080001f3   Thumb Code     0  startup_stm32f103xe.o(.text)
    SPI1_IRQHandler                          0x080001f3   Thumb Code     0  startup_stm32f103xe.o(.text)
    SPI2_IRQHandler                          0x080001f3   Thumb Code     0  startup_stm32f103xe.o(.text)
    SPI3_IRQHandler                          0x080001f3   Thumb Code     0  startup_stm32f103xe.o(.text)
    TAMPER_IRQHandler                        0x080001f3   Thumb Code     0  startup_stm32f103xe.o(.text)
    TIM1_BRK_IRQHandler                      0x080001f3   Thumb Code     0  startup_stm32f103xe.o(.text)
    TIM1_CC_IRQHandler                       0x080001f3   Thumb Code     0  startup_stm32f103xe.o(.text)
    TIM1_TRG_COM_IRQHandler                  0x080001f3   Thumb Code     0  startup_stm32f103xe.o(.text)
    TIM1_UP_IRQHandler                       0x080001f3   Thumb Code     0  startup_stm32f103xe.o(.text)
    TIM2_IRQHandler                          0x080001f3   Thumb Code     0  startup_stm32f103xe.o(.text)
    TIM3_IRQHandler                          0x080001f3   Thumb Code     0  startup_stm32f103xe.o(.text)
    TIM4_IRQHandler                          0x080001f3   Thumb Code     0  startup_stm32f103xe.o(.text)
    TIM5_IRQHandler                          0x080001f3   Thumb Code     0  startup_stm32f103xe.o(.text)
    TIM6_IRQHandler                          0x080001f3   Thumb Code     0  startup_stm32f103xe.o(.text)
    TIM7_IRQHandler                          0x080001f3   Thumb Code     0  startup_stm32f103xe.o(.text)
    TIM8_BRK_IRQHandler                      0x080001f3   Thumb Code     0  startup_stm32f103xe.o(.text)
    TIM8_CC_IRQHandler                       0x080001f3   Thumb Code     0  startup_stm32f103xe.o(.text)
    TIM8_TRG_COM_IRQHandler                  0x080001f3   Thumb Code     0  startup_stm32f103xe.o(.text)
    TIM8_UP_IRQHandler                       0x080001f3   Thumb Code     0  startup_stm32f103xe.o(.text)
    UART4_IRQHandler                         0x080001f3   Thumb Code     0  startup_stm32f103xe.o(.text)
    UART5_IRQHandler                         0x080001f3   Thumb Code     0  startup_stm32f103xe.o(.text)
    USART2_IRQHandler                        0x080001f3   Thumb Code     0  startup_stm32f103xe.o(.text)
    USART3_IRQHandler                        0x080001f3   Thumb Code     0  startup_stm32f103xe.o(.text)
    USBWakeUp_IRQHandler                     0x080001f3   Thumb Code     0  startup_stm32f103xe.o(.text)
    USB_HP_CAN1_TX_IRQHandler                0x080001f3   Thumb Code     0  startup_stm32f103xe.o(.text)
    USB_LP_CAN1_RX0_IRQHandler               0x080001f3   Thumb Code     0  startup_stm32f103xe.o(.text)
    WWDG_IRQHandler                          0x080001f3   Thumb Code     0  startup_stm32f103xe.o(.text)
    __user_initial_stackheap                 0x080001f5   Thumb Code     0  startup_stm32f103xe.o(.text)
    realloc                                  0x08000219   Thumb Code   184  h1_realloc.o(.text)
    strlen                                   0x080002d1   Thumb Code    62  strlen.o(.text)
    __aeabi_memcpy                           0x0800030f   Thumb Code     0  rt_memcpy_v6.o(.text)
    __rt_memcpy                              0x0800030f   Thumb Code   138  rt_memcpy_v6.o(.text)
    _memcpy_lastbytes                        0x08000375   Thumb Code     0  rt_memcpy_v6.o(.text)
    __aeabi_memcpy4                          0x08000399   Thumb Code     0  rt_memcpy_w.o(.text)
    __aeabi_memcpy8                          0x08000399   Thumb Code     0  rt_memcpy_w.o(.text)
    __rt_memcpy_w                            0x08000399   Thumb Code   100  rt_memcpy_w.o(.text)
    _memcpy_lastbytes_aligned                0x080003e1   Thumb Code     0  rt_memcpy_w.o(.text)
    __aeabi_memclr4                          0x080003fd   Thumb Code     0  rt_memclr_w.o(.text)
    __aeabi_memclr8                          0x080003fd   Thumb Code     0  rt_memclr_w.o(.text)
    __rt_memclr_w                            0x080003fd   Thumb Code    78  rt_memclr_w.o(.text)
    _memset_w                                0x08000401   Thumb Code     0  rt_memclr_w.o(.text)
    __use_two_region_memory                  0x0800044b   Thumb Code     2  heapauxi.o(.text)
    __rt_heap_escrow                         0x0800044d   Thumb Code     2  heapauxi.o(.text)
    __rt_heap_expand                         0x0800044f   Thumb Code     2  heapauxi.o(.text)
    __cpp_initialize__aeabi_                 0x08000451   Thumb Code    26  init_aeabi.o(.text)
    __rt_heap_descriptor                     0x08000475   Thumb Code     8  rt_heap_descriptor_intlibspace.o(.text)
    __use_no_heap                            0x0800047d   Thumb Code     2  hguard.o(.text)
    __heap$guard                             0x0800047f   Thumb Code     2  hguard.o(.text)
    _terminate_user_alloc                    0x08000481   Thumb Code     2  init_alloc.o(.text)
    _init_user_alloc                         0x08000483   Thumb Code     2  init_alloc.o(.text)
    __Heap_Full                              0x08000485   Thumb Code    34  init_alloc.o(.text)
    __Heap_Broken                            0x080004a7   Thumb Code     6  init_alloc.o(.text)
    _init_alloc                              0x080004ad   Thumb Code    94  init_alloc.o(.text)
    malloc                                   0x0800050b   Thumb Code    94  h1_alloc.o(.text)
    free                                     0x08000569   Thumb Code    78  h1_free.o(.text)
    __user_libspace                          0x080005b9   Thumb Code     8  libspace.o(.text)
    __user_perproc_libspace                  0x080005b9   Thumb Code     0  libspace.o(.text)
    __user_perthread_libspace                0x080005b9   Thumb Code     0  libspace.o(.text)
    __Heap_Initialize                        0x080005c1   Thumb Code    10  h1_init.o(.text)
    __Heap_DescSize                          0x080005cb   Thumb Code     4  h1_init.o(.text)
    __Heap_ProvideMemory                     0x080005cf   Thumb Code    52  h1_extend.o(.text)
    __rt_SIGRTMEM                            0x08000603   Thumb Code    14  defsig_rtmem_outer.o(.text)
    __user_setup_stackheap                   0x08000611   Thumb Code    74  sys_stackheap_outer.o(.text)
    exit                                     0x0800065b   Thumb Code    18  exit.o(.text)
    __sig_exit                               0x0800066d   Thumb Code    10  defsig_exit.o(.text)
    __rt_SIGRTMEM_inner                      0x08000679   Thumb Code    22  defsig_rtmem_inner.o(.text)
    _sys_exit                                0x080006c9   Thumb Code     8  sys_exit.o(.text)
    __I$use$semihosting                      0x080006d5   Thumb Code     0  use_no_semi.o(.text)
    __use_no_semihosting_swi                 0x080006d5   Thumb Code     2  use_no_semi.o(.text)
    __default_signal_display                 0x080006d7   Thumb Code    50  defsig_general.o(.text)
    __semihosting_library_function           0x080006d7   Thumb Code     0  indicate_semi.o(.text)
    _ttywrch                                 0x08000709   Thumb Code    14  sys_wrch.o(.text)
    BusFault_Handler                         0x08000717   Thumb Code     2  stm32f1xx_it.o(i.BusFault_Handler)
    DMA1_Channel4_IRQHandler                 0x08000719   Thumb Code     6  stm32f1xx_it.o(i.DMA1_Channel4_IRQHandler)
    DMA1_Channel5_IRQHandler                 0x08000725   Thumb Code     6  stm32f1xx_it.o(i.DMA1_Channel5_IRQHandler)
    DebugMon_Handler                         0x0800075b   Thumb Code     2  stm32f1xx_it.o(i.DebugMon_Handler)
    EXTI0_IRQHandler                         0x0800075d   Thumb Code     6  stm32f1xx_it.o(i.EXTI0_IRQHandler)
    EXTI1_IRQHandler                         0x08000763   Thumb Code     6  stm32f1xx_it.o(i.EXTI1_IRQHandler)
    EXTI2_IRQHandler                         0x08000769   Thumb Code     6  stm32f1xx_it.o(i.EXTI2_IRQHandler)
    EXTI3_IRQHandler                         0x0800076f   Thumb Code     6  stm32f1xx_it.o(i.EXTI3_IRQHandler)
    Error_Handler                            0x08000775   Thumb Code     4  main.o(i.Error_Handler)
    HAL_DMA_Abort                            0x08000779   Thumb Code    70  stm32f1xx_hal_dma.o(i.HAL_DMA_Abort)
    HAL_DMA_Abort_IT                         0x080007c1   Thumb Code   296  stm32f1xx_hal_dma.o(i.HAL_DMA_Abort_IT)
    HAL_DMA_IRQHandler                       0x080008f1   Thumb Code   552  stm32f1xx_hal_dma.o(i.HAL_DMA_IRQHandler)
    HAL_DMA_Init                             0x08000b39   Thumb Code   112  stm32f1xx_hal_dma.o(i.HAL_DMA_Init)
    HAL_DMA_Start_IT                         0x08000bb5   Thumb Code   112  stm32f1xx_hal_dma.o(i.HAL_DMA_Start_IT)
    HAL_Delay                                0x08000c25   Thumb Code    32  stm32f1xx_hal.o(i.HAL_Delay)
    HAL_GPIO_EXTI_Callback                   0x08000c49   Thumb Code     2  stm32f1xx_hal_gpio.o(i.HAL_GPIO_EXTI_Callback)
    HAL_GPIO_EXTI_IRQHandler                 0x08000c4d   Thumb Code    18  stm32f1xx_hal_gpio.o(i.HAL_GPIO_EXTI_IRQHandler)
    HAL_GPIO_Init                            0x08000c65   Thumb Code   462  stm32f1xx_hal_gpio.o(i.HAL_GPIO_Init)
    HAL_GPIO_ReadPin                         0x08000e5d   Thumb Code    10  stm32f1xx_hal_gpio.o(i.HAL_GPIO_ReadPin)
    HAL_GPIO_TogglePin                       0x08000e67   Thumb Code    16  stm32f1xx_hal_gpio.o(i.HAL_GPIO_TogglePin)
    HAL_GPIO_WritePin                        0x08000e77   Thumb Code    10  stm32f1xx_hal_gpio.o(i.HAL_GPIO_WritePin)
    HAL_GetTick                              0x08000e81   Thumb Code     6  stm32f1xx_hal.o(i.HAL_GetTick)
    HAL_IWDG_Init                            0x08000e8d   Thumb Code    90  stm32f1xx_hal_iwdg.o(i.HAL_IWDG_Init)
    HAL_IWDG_Refresh                         0x08000ee7   Thumb Code    12  stm32f1xx_hal_iwdg.o(i.HAL_IWDG_Refresh)
    HAL_IncTick                              0x08000ef5   Thumb Code    12  stm32f1xx_hal.o(i.HAL_IncTick)
    HAL_Init                                 0x08000f05   Thumb Code    32  stm32f1xx_hal.o(i.HAL_Init)
    HAL_InitTick                             0x08000f29   Thumb Code    54  stm32f1xx_hal.o(i.HAL_InitTick)
    HAL_MspInit                              0x08000f69   Thumb Code    52  stm32f1xx_hal_msp.o(i.HAL_MspInit)
    HAL_NVIC_EnableIRQ                       0x08000fa5   Thumb Code    26  stm32f1xx_hal_cortex.o(i.HAL_NVIC_EnableIRQ)
    HAL_NVIC_SetPriority                     0x08000fc1   Thumb Code    60  stm32f1xx_hal_cortex.o(i.HAL_NVIC_SetPriority)
    HAL_NVIC_SetPriorityGrouping             0x08001001   Thumb Code    26  stm32f1xx_hal_cortex.o(i.HAL_NVIC_SetPriorityGrouping)
    HAL_RCC_ClockConfig                      0x08001025   Thumb Code   280  stm32f1xx_hal_rcc.o(i.HAL_RCC_ClockConfig)
    HAL_RCC_GetPCLK1Freq                     0x08001151   Thumb Code    20  stm32f1xx_hal_rcc.o(i.HAL_RCC_GetPCLK1Freq)
    HAL_RCC_GetPCLK2Freq                     0x08001171   Thumb Code    20  stm32f1xx_hal_rcc.o(i.HAL_RCC_GetPCLK2Freq)
    HAL_RCC_GetSysClockFreq                  0x08001191   Thumb Code    58  stm32f1xx_hal_rcc.o(i.HAL_RCC_GetSysClockFreq)
    HAL_RCC_OscConfig                        0x080011dd   Thumb Code   778  stm32f1xx_hal_rcc.o(i.HAL_RCC_OscConfig)
    HAL_SYSTICK_Config                       0x080014fd   Thumb Code    40  stm32f1xx_hal_cortex.o(i.HAL_SYSTICK_Config)
    HAL_TIMEx_MasterConfigSynchronization    0x08001525   Thumb Code   104  stm32f1xx_hal_tim_ex.o(i.HAL_TIMEx_MasterConfigSynchronization)
    HAL_TIM_Base_Init                        0x080015a1   Thumb Code    90  stm32f1xx_hal_tim.o(i.HAL_TIM_Base_Init)
    HAL_TIM_Base_MspInit                     0x080015fd   Thumb Code    30  stm32f1xx_hal_msp.o(i.HAL_TIM_Base_MspInit)
    HAL_TIM_ConfigClockSource                0x08001621   Thumb Code   220  stm32f1xx_hal_tim.o(i.HAL_TIM_ConfigClockSource)
    HAL_TIM_Encoder_Init                     0x080016fd   Thumb Code   164  stm32f1xx_hal_tim.o(i.HAL_TIM_Encoder_Init)
    HAL_TIM_Encoder_MspInit                  0x080017a1   Thumb Code   144  stm32f1xx_hal_msp.o(i.HAL_TIM_Encoder_MspInit)
    HAL_TIM_Encoder_Start                    0x08001849   Thumb Code   142  stm32f1xx_hal_tim.o(i.HAL_TIM_Encoder_Start)
    HAL_TIM_MspPostInit                      0x080018d9   Thumb Code    62  stm32f1xx_hal_msp.o(i.HAL_TIM_MspPostInit)
    HAL_TIM_PWM_ConfigChannel                0x08001921   Thumb Code   204  stm32f1xx_hal_tim.o(i.HAL_TIM_PWM_ConfigChannel)
    HAL_TIM_PWM_Init                         0x080019ed   Thumb Code    90  stm32f1xx_hal_tim.o(i.HAL_TIM_PWM_Init)
    HAL_TIM_PWM_MspInit                      0x08001a47   Thumb Code     2  stm32f1xx_hal_tim.o(i.HAL_TIM_PWM_MspInit)
    HAL_TIM_PWM_Start                        0x08001a49   Thumb Code   160  stm32f1xx_hal_tim.o(i.HAL_TIM_PWM_Start)
    HAL_UARTEx_RxEventCallback               0x08001afd   Thumb Code     2  stm32f1xx_hal_uart.o(i.HAL_UARTEx_RxEventCallback)
    HAL_UART_ErrorCallback                   0x08001aff   Thumb Code     2  stm32f1xx_hal_uart.o(i.HAL_UART_ErrorCallback)
    HAL_UART_IRQHandler                      0x08001b01   Thumb Code   616  stm32f1xx_hal_uart.o(i.HAL_UART_IRQHandler)
    HAL_UART_Init                            0x08001d6d   Thumb Code   100  stm32f1xx_hal_uart.o(i.HAL_UART_Init)
    HAL_UART_MspInit                         0x08001dd1   Thumb Code   206  stm32f1xx_hal_msp.o(i.HAL_UART_MspInit)
    HAL_UART_Receive_DMA                     0x08001eb9   Thumb Code    28  stm32f1xx_hal_uart.o(i.HAL_UART_Receive_DMA)
    HAL_UART_RxCpltCallback                  0x08001ed5   Thumb Code     2  stm32f1xx_hal_uart.o(i.HAL_UART_RxCpltCallback)
    HAL_UART_RxHalfCpltCallback              0x08001ed7   Thumb Code     2  stm32f1xx_hal_uart.o(i.HAL_UART_RxHalfCpltCallback)
    HAL_UART_Transmit_DMA                    0x08001ed9   Thumb Code   106  stm32f1xx_hal_uart.o(i.HAL_UART_Transmit_DMA)
    HAL_UART_TxCpltCallback                  0x08001f51   Thumb Code     2  stm32f1xx_hal_uart.o(i.HAL_UART_TxCpltCallback)
    HAL_UART_TxHalfCpltCallback              0x08001f53   Thumb Code     2  stm32f1xx_hal_uart.o(i.HAL_UART_TxHalfCpltCallback)
    HardFault_Handler                        0x08001f55   Thumb Code     2  stm32f1xx_it.o(i.HardFault_Handler)
    MemManage_Handler                        0x08002259   Thumb Code     2  stm32f1xx_it.o(i.MemManage_Handler)
    NMI_Handler                              0x0800225b   Thumb Code     2  stm32f1xx_it.o(i.NMI_Handler)
    PendSV_Handler                           0x0800225d   Thumb Code     2  stm32f1xx_it.o(i.PendSV_Handler)
    SVC_Handler                              0x0800225f   Thumb Code     2  stm32f1xx_it.o(i.SVC_Handler)
    SysTick_Handler                          0x08002261   Thumb Code     4  stm32f1xx_it.o(i.SysTick_Handler)
    SystemClock_Config                       0x08002265   Thumb Code   100  main.o(i.SystemClock_Config)
    SystemInit                               0x080022c9   Thumb Code     2  system_stm32f1xx.o(i.SystemInit)
    TIM_Base_SetConfig                       0x080022cd   Thumb Code   120  stm32f1xx_hal_tim.o(i.TIM_Base_SetConfig)
    TIM_CCxChannelCmd                        0x08002359   Thumb Code    26  stm32f1xx_hal_tim.o(i.TIM_CCxChannelCmd)
    TIM_ETR_SetConfig                        0x08002373   Thumb Code    20  stm32f1xx_hal_tim.o(i.TIM_ETR_SetConfig)
    TIM_OC2_SetConfig                        0x080023f9   Thumb Code    98  stm32f1xx_hal_tim.o(i.TIM_OC2_SetConfig)
    UART_Start_Receive_DMA                   0x08002891   Thumb Code   130  stm32f1xx_hal_uart.o(i.UART_Start_Receive_DMA)
    USART1_IRQHandler                        0x08002921   Thumb Code     6  stm32f1xx_it.o(i.USART1_IRQHandler)
    UsageFault_Handler                       0x0800292d   Thumb Code     2  stm32f1xx_it.o(i.UsageFault_Handler)
    cmd_vel_msg(const geometry_msgs::Twist&) 0x08002931   Thumb Code   144  ros_main.o(i._Z11cmd_vel_msgRKN13geometry_msgs5TwistE)
    get_rotations(double)                    0x080029cd   Thumb Code    42  ros_main.o(i._Z13get_rotationsd)
    twin_drive_ik(double, double)            0x080029f9   Thumb Code   220  ros_main.o(i._Z13twin_drive_ikdd)
    motor_selftest()                         0x08002add   Thumb Code   110  ros_main.o(i._Z14motor_selftestv)
    motor_controller(MOTOR_INDEX, MOTOR_DIRECTION, int, int) 0x08002b51   Thumb Code    90  ros_main.o(i._Z16motor_controller11MOTOR_INDEX15MOTOR_DIRECTIONii)
    motor_peripherals_init(MOTOR_INDEX)      0x08002bb1   Thumb Code     2  ros_main.o(i._Z22motor_peripherals_init11MOTOR_INDEX)
    constrain(double, double, double)        0x08002bb3   Thumb Code    60  ros_main.o(i._Z9constrainddd)
    STM32Hardware::write(unsigned char*, int) 0x08002bf1   Thumb Code   156  ros_main.o(i._ZN13STM32Hardware5writeEPhi)
    geometry_msgs::Twist::deserialize(unsigned char*) 0x08002c91   Thumb Code    28  ros_main.o(i._ZN13geometry_msgs5Twist11deserializeEPh)
    geometry_msgs::Twist::getMD5()           0x08002cad   Thumb Code     4  ros_main.o(i._ZN13geometry_msgs5Twist6getMD5Ev)
    geometry_msgs::Twist::getType()          0x08002cb5   Thumb Code     4  ros_main.o(i._ZN13geometry_msgs5Twist7getTypeEv)
    geometry_msgs::Vector3::deserialize(unsigned char*) 0x08002cbd   Thumb Code    42  ros_main.o(i._ZN13geometry_msgs7Vector311deserializeEPh)
    geometry_msgs::Vector3::getMD5()         0x08002ce9   Thumb Code     4  ros_main.o(i._ZN13geometry_msgs7Vector36getMD5Ev)
    geometry_msgs::Vector3::getType()        0x08002cf1   Thumb Code     4  ros_main.o(i._ZN13geometry_msgs7Vector37getTypeEv)
    geometry_msgs::Vector3::Vector3()        0x08002cf9   Thumb Code    14  ros_main.o(i._ZN13geometry_msgs7Vector3C1Ev)
    geometry_msgs::Vector3::Vector3__sub_object() 0x08002cf9   Thumb Code     0  ros_main.o(i._ZN13geometry_msgs7Vector3C1Ev)
    rosserial_msgs::RequestParamResponse::deserialize(unsigned char*) 0x08002d0d   Thumb Code   298  ros_main.o(i._ZN14rosserial_msgs20RequestParamResponse11deserializeEPh)
    rosserial_msgs::RequestParamResponse::getMD5() 0x08002e39   Thumb Code     4  ros_main.o(i._ZN14rosserial_msgs20RequestParamResponse6getMD5Ev)
    rosserial_msgs::RequestParamResponse::getType() 0x08002e41   Thumb Code     4  ros_main.o(i._ZN14rosserial_msgs20RequestParamResponse7getTypeEv)
    rosserial_msgs::Log::getMD5()            0x08002e49   Thumb Code     4  ros_main.o(i._ZN14rosserial_msgs3Log6getMD5Ev)
    rosserial_msgs::Log::getType()           0x08002e51   Thumb Code     4  ros_main.o(i._ZN14rosserial_msgs3Log7getTypeEv)
    rosserial_msgs::TopicInfo::getMD5()      0x08002e59   Thumb Code     4  ros_main.o(i._ZN14rosserial_msgs9TopicInfo6getMD5Ev)
    rosserial_msgs::TopicInfo::getType()     0x08002e61   Thumb Code     4  ros_main.o(i._ZN14rosserial_msgs9TopicInfo7getTypeEv)
    ros::normalizeSecNSec(unsigned&, unsigned&) 0x08002e69   Thumb Code    28  time.o(i._ZN3ros16normalizeSecNSecERjS0_)
    ros::Msg::serializeAvrFloat64(unsigned char*, float) 0x08002e89   Thumb Code    84  ros_main.o(i._ZN3ros3Msg19serializeAvrFloat64EPhf)
    ros::Msg::deserializeAvrFloat64(const unsigned char*, float*) 0x08002edd   Thumb Code    84  ros_main.o(i._ZN3ros3Msg21deserializeAvrFloat64EPKhPf)
    std_msgs::Time::deserialize(unsigned char*) 0x08002f31   Thumb Code    62  ros_main.o(i._ZN8std_msgs4Time11deserializeEPh)
    std_msgs::Time::getMD5()                 0x08002f71   Thumb Code     4  ros_main.o(i._ZN8std_msgs4Time6getMD5Ev)
    std_msgs::Time::getType()                0x08002f79   Thumb Code     4  ros_main.o(i._ZN8std_msgs4Time7getTypeEv)
    std_msgs::Time::Time()                   0x08002f81   Thumb Code    12  ros_main.o(i._ZN8std_msgs4TimeC1Ev)
    std_msgs::Time::Time__sub_object()       0x08002f81   Thumb Code     0  ros_main.o(i._ZN8std_msgs4TimeC1Ev)
    std_msgs::String::getMD5()               0x08002f91   Thumb Code     4  ros_main.o(i._ZN8std_msgs6String6getMD5Ev)
    std_msgs::String::getType()              0x08002f99   Thumb Code     4  ros_main.o(i._ZN8std_msgs6String7getTypeEv)
    geometry_msgs::Twist::serialize(unsigned char*) const 0x08002fa1   Thumb Code    28  ros_main.o(i._ZNK13geometry_msgs5Twist9serializeEPh)
    geometry_msgs::Vector3::serialize(unsigned char*) const 0x08002fbd   Thumb Code    38  ros_main.o(i._ZNK13geometry_msgs7Vector39serializeEPh)
    rosserial_msgs::RequestParamResponse::serialize(unsigned char*) const 0x08002fe3   Thumb Code   210  ros_main.o(i._ZNK14rosserial_msgs20RequestParamResponse9serializeEPh)
    rosserial_msgs::Log::serialize(unsigned char*) const 0x080030b5   Thumb Code    40  ros_main.o(i._ZNK14rosserial_msgs3Log9serializeEPh)
    rosserial_msgs::TopicInfo::serialize(unsigned char*) const 0x080030dd   Thumb Code   130  ros_main.o(i._ZNK14rosserial_msgs9TopicInfo9serializeEPh)
    std_msgs::Time::serialize(unsigned char*) const 0x0800315f   Thumb Code    50  ros_main.o(i._ZNK8std_msgs4Time9serializeEPh)
    std_msgs::String::serialize(unsigned char*) const 0x08003191   Thumb Code    36  ros_main.o(i._ZNK8std_msgs6String9serializeEPh)
    loop                                     0x08003291   Thumb Code   102  ros_main.o(i.loop)
    main                                     0x08003311   Thumb Code   226  main.o(i.main)
    motor_backward                           0x0800340d   Thumb Code    48  motor.o(i.motor_backward)
    motor_forward                            0x0800343d   Thumb Code    48  motor.o(i.motor_forward)
    motor_get_counter                        0x0800346d   Thumb Code     8  motor.o(i.motor_get_counter)
    motor_pwm                                0x08003475   Thumb Code    32  motor.o(i.motor_pwm)
    motor_set_direction                      0x08003495   Thumb Code    22  motor.o(i.motor_set_direction)
    motor_stop                               0x080034ab   Thumb Code    28  motor.o(i.motor_stop)
    setup                                    0x080034c9   Thumb Code   174  ros_main.o(i.setup)
    ros::Subscriber<geometry_msgs::Twist, void>::getMsgType() 0x08003589   Thumb Code     4  ros_main.o(t._ZN3ros10SubscriberIN13geometry_msgs5TwistEvE10getMsgTypeEv)
    ros::Subscriber<geometry_msgs::Twist, void>::getEndpointType() 0x08003591   Thumb Code     4  ros_main.o(t._ZN3ros10SubscriberIN13geometry_msgs5TwistEvE15getEndpointTypeEv)
    ros::Subscriber<geometry_msgs::Twist, void>::callback(unsigned char*) 0x08003595   Thumb Code    22  ros_main.o(t._ZN3ros10SubscriberIN13geometry_msgs5TwistEvE8callbackEPh)
    ros::Subscriber<geometry_msgs::Twist, void>::getMsgMD5() 0x080035ad   Thumb Code     4  ros_main.o(t._ZN3ros10SubscriberIN13geometry_msgs5TwistEvE9getMsgMD5Ev)
    ros::NodeHandle_<STM32Hardware, (int)25, (int)25, (int)1024, (int)1024>::negotiateTopics() 0x080035b5   Thumb Code   200  ros_main.o(t._ZN3ros11NodeHandle_I13STM32HardwareLi25ELi25ELi1024ELi1024EE15negotiateTopicsEv)
    ros::NodeHandle_<STM32Hardware, (int)25, (int)25, (int)1024, (int)1024>::requestSyncTime() 0x08003685   Thumb Code    32  ros_main.o(t._ZN3ros11NodeHandle_I13STM32HardwareLi25ELi25ELi1024ELi1024EE15requestSyncTimeEv)
    ros::NodeHandle_<STM32Hardware, (int)25, (int)25, (int)1024, (int)1024>::publish(int, const ros::Msg*) 0x080036a5   Thumb Code   180  ros_main.o(t._ZN3ros11NodeHandle_I13STM32HardwareLi25ELi25ELi1024ELi1024EE7publishEiPKNS_3MsgE)
    ros::NodeHandle_<STM32Hardware, (int)25, (int)25, (int)1024, (int)1024>::spinOnce() 0x08003761   Thumb Code   642  ros_main.o(t._ZN3ros11NodeHandle_I13STM32HardwareLi25ELi25ELi1024ELi1024EE8spinOnceEv)
    ros::NodeHandle_<STM32Hardware, (int)25, (int)25, (int)1024, (int)1024>::advertise(ros::Publisher&) 0x080039f1   Thumb Code    42  ros_main.o(t._ZN3ros11NodeHandle_I13STM32HardwareLi25ELi25ELi1024ELi1024EE9advertiseERNS_9PublisherE)
    ros::NodeHandle_<STM32Hardware, (int)25, (int)25, (int)1024, (int)1024>::NodeHandle_() 0x08003a1d   Thumb Code   132  ros_main.o(t._ZN3ros11NodeHandle_I13STM32HardwareLi25ELi25ELi1024ELi1024EEC1Ev)
    ros::NodeHandle_<STM32Hardware, (int)25, (int)25, (int)1024, (int)1024>::NodeHandle___sub_object() 0x08003a1d   Thumb Code     0  ros_main.o(t._ZN3ros11NodeHandle_I13STM32HardwareLi25ELi25ELi1024ELi1024EEC1Ev)
    void ros::Msg::arrToVar<unsigned, unsigned char*>(T1&, T2) 0x08003aad   Thumb Code    26  ros_main.o(t._ZN3ros3Msg8arrToVarIjPhEEvRT_T0_)
    void ros::Msg::varToArr<unsigned char*, unsigned>(T1, T2) 0x08003ac7   Thumb Code    18  ros_main.o(t._ZN3ros3Msg8varToArrIPhjEEvT_T0_)
    __aeabi_dadd                             0x08003ad9   Thumb Code     0  daddsub_clz.o(x$fpl$dadd)
    _dadd                                    0x08003ad9   Thumb Code   332  daddsub_clz.o(x$fpl$dadd)
    __fpl_dcheck_NaN1                        0x08003c29   Thumb Code    10  dcheck1.o(x$fpl$dcheck1)
    __fpl_dcmp_Inf                           0x08003c39   Thumb Code    24  dcmpi.o(x$fpl$dcmpinf)
    __aeabi_ddiv                             0x08003c51   Thumb Code     0  ddiv.o(x$fpl$ddiv)
    _ddiv                                    0x08003c51   Thumb Code   552  ddiv.o(x$fpl$ddiv)
    __aeabi_d2iz                             0x08003f01   Thumb Code     0  dfix.o(x$fpl$dfix)
    _dfix                                    0x08003f01   Thumb Code    94  dfix.o(x$fpl$dfix)
    __aeabi_i2d                              0x08003f5f   Thumb Code     0  dflt_clz.o(x$fpl$dflt)
    _dflt                                    0x08003f5f   Thumb Code    46  dflt_clz.o(x$fpl$dflt)
    __aeabi_cdcmple                          0x08003f8d   Thumb Code     0  dleqf.o(x$fpl$dleqf)
    _dcmple                                  0x08003f8d   Thumb Code   120  dleqf.o(x$fpl$dleqf)
    __fpl_dcmple_InfNaN                      0x08003fef   Thumb Code     0  dleqf.o(x$fpl$dleqf)
    __aeabi_dmul                             0x08004005   Thumb Code     0  dmul.o(x$fpl$dmul)
    _dmul                                    0x08004005   Thumb Code   332  dmul.o(x$fpl$dmul)
    __fpl_dnaninf                            0x08004159   Thumb Code   156  dnaninf.o(x$fpl$dnaninf)
    __fpl_dretinf                            0x080041f5   Thumb Code    12  dretinf.o(x$fpl$dretinf)
    __aeabi_cdrcmple                         0x08004201   Thumb Code     0  drleqf.o(x$fpl$drleqf)
    _drcmple                                 0x08004201   Thumb Code   108  drleqf.o(x$fpl$drleqf)
    __aeabi_drsub                            0x0800426d   Thumb Code     0  daddsub_clz.o(x$fpl$drsb)
    _drsb                                    0x0800426d   Thumb Code    22  daddsub_clz.o(x$fpl$drsb)
    __aeabi_dsub                             0x08004285   Thumb Code     0  daddsub_clz.o(x$fpl$dsub)
    _dsub                                    0x08004285   Thumb Code   464  daddsub_clz.o(x$fpl$dsub)
    __aeabi_f2d                              0x08004459   Thumb Code     0  f2d.o(x$fpl$f2d)
    _f2d                                     0x08004459   Thumb Code    86  f2d.o(x$fpl$f2d)
    __aeabi_i2f                              0x080044b1   Thumb Code     0  fflt_clz.o(x$fpl$fflt)
    _fflt                                    0x080044b1   Thumb Code    48  fflt_clz.o(x$fpl$fflt)
    __fpl_fnaninf                            0x080044e1   Thumb Code   140  fnaninf.o(x$fpl$fnaninf)
    __fpl_return_NaN                         0x0800456d   Thumb Code   100  retnan.o(x$fpl$retnan)
    __ARM_scalbn                             0x080045d1   Thumb Code    92  scalbn.o(x$fpl$scalbn)
    __fpl_cmpreturn                          0x0800462d   Thumb Code    48  trapv.o(x$fpl$trapveneer)
    __I$use$fp                               0x0800465c   Number         0  usenofp.o(x$fpl$usenofp)
    AHBPrescTable                            0x080046b6   Data          16  system_stm32f1xx.o(.constdata)
    APBPrescTable                            0x080046c6   Data           8  system_stm32f1xx.o(.constdata)
    vtable for geometry_msgs::Twist          0x080046ec   Data          24  ros_main.o(.constdata__ZTVN13geometry_msgs5TwistE)
    vtable for geometry_msgs::Vector3        0x08004704   Data          24  ros_main.o(.constdata__ZTVN13geometry_msgs7Vector3E)
    vtable for rosserial_msgs::RequestParamResponse 0x0800471c   Data          24  ros_main.o(.constdata__ZTVN14rosserial_msgs20RequestParamResponseE)
    vtable for rosserial_msgs::Log           0x08004734   Data          24  ros_main.o(.constdata__ZTVN14rosserial_msgs3LogE)
    vtable for rosserial_msgs::TopicInfo     0x0800474c   Data          24  ros_main.o(.constdata__ZTVN14rosserial_msgs9TopicInfoE)
    vtable for ros::Subscriber<geometry_msgs::Twist, void> 0x08004764   Data          24  ros_main.o(.constdata__ZTVN3ros10SubscriberIN13geometry_msgs5TwistEvEE)
    vtable for ros::NodeHandle_<STM32Hardware, (int)25, (int)25, (int)1024, (int)1024> 0x0800477c   Data          20  ros_main.o(.constdata__ZTVN3ros11NodeHandle_I13STM32HardwareLi25ELi25ELi1024ELi1024EEE)
    vtable for std_msgs::Time                0x08004790   Data          24  ros_main.o(.constdata__ZTVN8std_msgs4TimeE)
    vtable for std_msgs::String              0x080047a8   Data          24  ros_main.o(.constdata__ZTVN8std_msgs6StringE)
    geometry_msgs::Twist::getMD5()::string   0x080047c0   Data          33  ros_main.o(.constdata__ZZN13geometry_msgs5Twist6getMD5EvEs)
    geometry_msgs::Twist::getType()::string  0x080047e1   Data          20  ros_main.o(.constdata__ZZN13geometry_msgs5Twist7getTypeEvEs)
    geometry_msgs::Vector3::getMD5()::string 0x080047f5   Data          33  ros_main.o(.constdata__ZZN13geometry_msgs7Vector36getMD5EvEs)
    geometry_msgs::Vector3::getType()::string 0x08004816   Data          22  ros_main.o(.constdata__ZZN13geometry_msgs7Vector37getTypeEvEs)
    rosserial_msgs::RequestParamResponse::getMD5()::string 0x0800482c   Data          33  ros_main.o(.constdata__ZZN14rosserial_msgs20RequestParamResponse6getMD5EvEs)
    rosserial_msgs::Log::getMD5()::string    0x0800484d   Data          33  ros_main.o(.constdata__ZZN14rosserial_msgs3Log6getMD5EvEs)
    rosserial_msgs::Log::getType()::string   0x0800486e   Data          19  ros_main.o(.constdata__ZZN14rosserial_msgs3Log7getTypeEvEs)
    rosserial_msgs::TopicInfo::getMD5()::string 0x08004881   Data          33  ros_main.o(.constdata__ZZN14rosserial_msgs9TopicInfo6getMD5EvEs)
    rosserial_msgs::TopicInfo::getType()::string 0x080048a2   Data          25  ros_main.o(.constdata__ZZN14rosserial_msgs9TopicInfo7getTypeEvEs)
    rosserial_msgs::TopicInfo::TopicInfo()::string 0x080048bb   Data           1  ros_main.o(.constdata__ZZN14rosserial_msgs9TopicInfoC1EvEs)
    ros::NodeHandle_<STM32Hardware, (int)25, (int)25, (int)1024, (int)1024>::publish(int, const ros::Msg*)::string 0x080048bc   Data          57  ros_main.o(.constdata__ZZN3ros11NodeHandle_I13STM32HardwareLi25ELi25ELi1024ELi1024EE7publishEiPKNS_3MsgEEs)
    std_msgs::Time::getMD5()::string         0x080048f5   Data          33  ros_main.o(.constdata__ZZN8std_msgs4Time6getMD5EvEs)
    std_msgs::Time::getType()::string        0x08004916   Data          14  ros_main.o(.constdata__ZZN8std_msgs4Time7getTypeEvEs)
    std_msgs::String::getMD5()::string       0x08004924   Data          33  ros_main.o(.constdata__ZZN8std_msgs6String6getMD5EvEs)
    std_msgs::String::getType()::string      0x08004945   Data          16  ros_main.o(.constdata__ZZN8std_msgs6String7getTypeEvEs)
    std_msgs::String::String()::string       0x08004955   Data           1  ros_main.o(.constdata__ZZN8std_msgs6StringC1EvEs)
    Region$$Table$$Base                      0x08004958   Number         0  anon$$obj.o(Region$$Table)
    Region$$Table$$Limit                     0x08004978   Number         0  anon$$obj.o(Region$$Table)
    SHT$$INIT_ARRAY$$Base                    0x08004978   Number         0  ros_main.o(.init_array)
    SHT$$INIT_ARRAY$$Limit                   0x0800497c   Number         0  init_aeabi.o(.init_array)
    motor_config                             0x20000000   Data           8  main.o(.data)
    uwTickFreq                               0x20000008   Data           1  stm32f1xx_hal.o(.data)
    uwTickPrio                               0x2000000c   Data           4  stm32f1xx_hal.o(.data)
    uwTick                                   0x20000010   Data           4  stm32f1xx_hal.o(.data)
    SystemCoreClock                          0x20000014   Data           4  system_stm32f1xx.o(.data)
    motor1_rev                               0x20000018   Data           4  ros_main.o(.data)
    motor2_rev                               0x2000001c   Data           4  ros_main.o(.data)
    encoder_value_m1                         0x20000020   Data           4  ros_main.o(.data)
    encoder_value_m2                         0x20000024   Data           4  ros_main.o(.data)
    wheel_seperation                         0x20000028   Data           8  ros_main.o(.data)
    max_velocity                             0x20000030   Data           8  ros_main.o(.data)
    motor1_v                                 0x20000038   Data           8  ros_main.o(.data)
    motor2_v                                 0x20000040   Data           8  ros_main.o(.data)
    twin_motors_duty_cycle                   0x20000048   Data           8  ros_main.o(.data)
    twin_motors_rotations                    0x20000050   Data           8  ros_main.o(.data)
    str_msg                                  0x20000058   Data           8  ros_main.o(.data)
    STM32Hardware::flush()::mutex            0x20000060   Data           1  ros_main.o(.data__ZZN13STM32Hardware5flushEvE5mutex)
    hiwdg                                    0x20000064   Data          12  main.o(.bss)
    htim1                                    0x20000070   Data          72  main.o(.bss)
    htim2                                    0x200000b8   Data          72  main.o(.bss)
    htim3                                    0x20000100   Data          72  main.o(.bss)
    huart1                                   0x20000148   Data          72  main.o(.bss)
    hdma_usart1_rx                           0x20000190   Data          68  main.o(.bss)
    hdma_usart1_tx                           0x200001d4   Data          68  main.o(.bss)
    nh                                       0x20000218   Data        3384  ros_main.o(.bss)
    stm32_status_pub                         0x20000f50   Data          20  ros_main.o(.bss)
    encoders_data                            0x20000f64   Data          16  ros_main.o(.bss)
    encoder_pub                              0x20000f74   Data          20  ros_main.o(.bss)
    velocity_sub                             0x20000f88   Data          56  ros_main.o(.bss)
    __libspace_start                         0x20000fc0   Data          96  libspace.o(.bss)
    __temporary_stack_top$libspace           0x20001020   Data           0  libspace.o(.bss)



==============================================================================

Memory Map of the image

  Image Entry point : 0x08000131

  Load Region LR_IROM1 (Base: 0x08000000, Size: 0x000049e0, Max: 0x00080000, ABSOLUTE)

    Execution Region ER_IROM1 (Exec base: 0x08000000, Load base: 0x08000000, Size: 0x0000497c, Max: 0x00080000, ABSOLUTE)

    Exec Addr    Load Addr    Size         Type   Attr      Idx    E Section Name        Object

    0x08000000   0x08000000   0x00000130   Data   RO            3    RESET               startup_stm32f103xe.o
    0x08000130   0x08000130   0x00000008   Code   RO         3772  * !!!main             c_w.l(__main.o)
    0x08000138   0x08000138   0x00000034   Code   RO         4190    !!!scatter          c_w.l(__scatter.o)
    0x0800016c   0x0800016c   0x0000001a   Code   RO         4192    !!handler_copy      c_w.l(__scatter_copy.o)
    0x08000186   0x08000186   0x00000002   PAD
    0x08000188   0x08000188   0x0000001c   Code   RO         4194    !!handler_zi        c_w.l(__scatter_zi.o)
    0x080001a4   0x080001a4   0x00000002   Code   RO         4115    .ARM.Collect$$libinit$$00000000  c_w.l(libinit.o)
    0x080001a6   0x080001a6   0x00000000   Code   RO         3959    .ARM.Collect$$libinit$$00000002  c_w.l(libinit2.o)
    0x080001a6   0x080001a6   0x00000000   Code   RO         3961    .ARM.Collect$$libinit$$00000004  c_w.l(libinit2.o)
    0x080001a6   0x080001a6   0x00000008   Code   RO         3962    .ARM.Collect$$libinit$$00000005  c_w.l(libinit2.o)
    0x080001ae   0x080001ae   0x00000000   Code   RO         3964    .ARM.Collect$$libinit$$0000000A  c_w.l(libinit2.o)
    0x080001ae   0x080001ae   0x00000000   Code   RO         3966    .ARM.Collect$$libinit$$0000000C  c_w.l(libinit2.o)
    0x080001ae   0x080001ae   0x00000000   Code   RO         3968    .ARM.Collect$$libinit$$0000000E  c_w.l(libinit2.o)
    0x080001ae   0x080001ae   0x00000000   Code   RO         3971    .ARM.Collect$$libinit$$00000011  c_w.l(libinit2.o)
    0x080001ae   0x080001ae   0x00000000   Code   RO         3973    .ARM.Collect$$libinit$$00000013  c_w.l(libinit2.o)
    0x080001ae   0x080001ae   0x00000000   Code   RO         3975    .ARM.Collect$$libinit$$00000015  c_w.l(libinit2.o)
    0x080001ae   0x080001ae   0x00000000   Code   RO         3977    .ARM.Collect$$libinit$$00000017  c_w.l(libinit2.o)
    0x080001ae   0x080001ae   0x00000000   Code   RO         3979    .ARM.Collect$$libinit$$00000019  c_w.l(libinit2.o)
    0x080001ae   0x080001ae   0x00000000   Code   RO         3981    .ARM.Collect$$libinit$$0000001B  c_w.l(libinit2.o)
    0x080001ae   0x080001ae   0x00000000   Code   RO         3983    .ARM.Collect$$libinit$$0000001D  c_w.l(libinit2.o)
    0x080001ae   0x080001ae   0x00000000   Code   RO         3985    .ARM.Collect$$libinit$$0000001F  c_w.l(libinit2.o)
    0x080001ae   0x080001ae   0x00000000   Code   RO         3987    .ARM.Collect$$libinit$$00000021  c_w.l(libinit2.o)
    0x080001ae   0x080001ae   0x00000000   Code   RO         3989    .ARM.Collect$$libinit$$00000023  c_w.l(libinit2.o)
    0x080001ae   0x080001ae   0x00000000   Code   RO         3991    .ARM.Collect$$libinit$$00000025  c_w.l(libinit2.o)
    0x080001ae   0x080001ae   0x00000000   Code   RO         3995    .ARM.Collect$$libinit$$0000002C  c_w.l(libinit2.o)
    0x080001ae   0x080001ae   0x00000000   Code   RO         3997    .ARM.Collect$$libinit$$0000002E  c_w.l(libinit2.o)
    0x080001ae   0x080001ae   0x00000000   Code   RO         3999    .ARM.Collect$$libinit$$00000030  c_w.l(libinit2.o)
    0x080001ae   0x080001ae   0x00000004   Code   RO         4000    .ARM.Collect$$libinit$$00000031  c_w.l(libinit2.o)
    0x080001b2   0x080001b2   0x00000000   Code   RO         4001    .ARM.Collect$$libinit$$00000032  c_w.l(libinit2.o)
    0x080001b2   0x080001b2   0x00000002   Code   RO         4002    .ARM.Collect$$libinit$$00000033  c_w.l(libinit2.o)
    0x080001b4   0x080001b4   0x00000002   Code   RO         4187    .ARM.Collect$$libshutdown$$00000000  c_w.l(libshutdown.o)
    0x080001b6   0x080001b6   0x00000000   Code   RO         4141    .ARM.Collect$$libshutdown$$00000002  c_w.l(libshutdown2.o)
    0x080001b6   0x080001b6   0x00000000   Code   RO         4143    .ARM.Collect$$libshutdown$$00000004  c_w.l(libshutdown2.o)
    0x080001b6   0x080001b6   0x00000000   Code   RO         4145    .ARM.Collect$$libshutdown$$00000006  c_w.l(libshutdown2.o)
    0x080001b6   0x080001b6   0x00000000   Code   RO         4148    .ARM.Collect$$libshutdown$$00000009  c_w.l(libshutdown2.o)
    0x080001b6   0x080001b6   0x00000000   Code   RO         4151    .ARM.Collect$$libshutdown$$0000000C  c_w.l(libshutdown2.o)
    0x080001b6   0x080001b6   0x00000000   Code   RO         4153    .ARM.Collect$$libshutdown$$0000000E  c_w.l(libshutdown2.o)
    0x080001b6   0x080001b6   0x00000000   Code   RO         4156    .ARM.Collect$$libshutdown$$00000011  c_w.l(libshutdown2.o)
    0x080001b6   0x080001b6   0x00000002   Code   RO         4157    .ARM.Collect$$libshutdown$$00000012  c_w.l(libshutdown2.o)
    0x080001b8   0x080001b8   0x00000000   Code   RO         3924    .ARM.Collect$$rtentry$$00000000  c_w.l(__rtentry.o)
    0x080001b8   0x080001b8   0x00000000   Code   RO         4031    .ARM.Collect$$rtentry$$00000002  c_w.l(__rtentry2.o)
    0x080001b8   0x080001b8   0x00000006   Code   RO         4043    .ARM.Collect$$rtentry$$00000004  c_w.l(__rtentry4.o)
    0x080001be   0x080001be   0x00000000   Code   RO         4033    .ARM.Collect$$rtentry$$00000009  c_w.l(__rtentry2.o)
    0x080001be   0x080001be   0x00000004   Code   RO         4034    .ARM.Collect$$rtentry$$0000000A  c_w.l(__rtentry2.o)
    0x080001c2   0x080001c2   0x00000000   Code   RO         4036    .ARM.Collect$$rtentry$$0000000C  c_w.l(__rtentry2.o)
    0x080001c2   0x080001c2   0x00000008   Code   RO         4037    .ARM.Collect$$rtentry$$0000000D  c_w.l(__rtentry2.o)
    0x080001ca   0x080001ca   0x00000002   Code   RO         4126    .ARM.Collect$$rtexit$$00000000  c_w.l(rtexit.o)
    0x080001cc   0x080001cc   0x00000000   Code   RO         4161    .ARM.Collect$$rtexit$$00000002  c_w.l(rtexit2.o)
    0x080001cc   0x080001cc   0x00000004   Code   RO         4162    .ARM.Collect$$rtexit$$00000003  c_w.l(rtexit2.o)
    0x080001d0   0x080001d0   0x00000006   Code   RO         4163    .ARM.Collect$$rtexit$$00000004  c_w.l(rtexit2.o)
    0x080001d6   0x080001d6   0x00000002   PAD
    0x080001d8   0x080001d8   0x00000000   Code   RO         4045    .emb_text           c_w.l(maybetermalloc1.o)
    0x080001d8   0x080001d8   0x00000040   Code   RO            4    .text               startup_stm32f103xe.o
    0x08000218   0x08000218   0x000000b8   Code   RO         3706    .text               c_w.l(h1_realloc.o)
    0x080002d0   0x080002d0   0x0000003e   Code   RO         3762    .text               c_w.l(strlen.o)
    0x0800030e   0x0800030e   0x0000008a   Code   RO         3764    .text               c_w.l(rt_memcpy_v6.o)
    0x08000398   0x08000398   0x00000064   Code   RO         3766    .text               c_w.l(rt_memcpy_w.o)
    0x080003fc   0x080003fc   0x0000004e   Code   RO         3768    .text               c_w.l(rt_memclr_w.o)
    0x0800044a   0x0800044a   0x00000006   Code   RO         3770    .text               c_w.l(heapauxi.o)
    0x08000450   0x08000450   0x00000024   Code   RO         3777    .text               c_w.l(init_aeabi.o)
    0x08000474   0x08000474   0x00000008   Code   RO         3928    .text               c_w.l(rt_heap_descriptor_intlibspace.o)
    0x0800047c   0x0800047c   0x00000004   Code   RO         3930    .text               c_w.l(hguard.o)
    0x08000480   0x08000480   0x0000008a   Code   RO         3932    .text               c_w.l(init_alloc.o)
    0x0800050a   0x0800050a   0x0000005e   Code   RO         3940    .text               c_w.l(h1_alloc.o)
    0x08000568   0x08000568   0x0000004e   Code   RO         3942    .text               c_w.l(h1_free.o)
    0x080005b6   0x080005b6   0x00000002   PAD
    0x080005b8   0x080005b8   0x00000008   Code   RO         4027    .text               c_w.l(libspace.o)
    0x080005c0   0x080005c0   0x0000000e   Code   RO         4047    .text               c_w.l(h1_init.o)
    0x080005ce   0x080005ce   0x00000034   Code   RO         4049    .text               c_w.l(h1_extend.o)
    0x08000602   0x08000602   0x0000000e   Code   RO         4055    .text               c_w.l(defsig_rtmem_outer.o)
    0x08000610   0x08000610   0x0000004a   Code   RO         4085    .text               c_w.l(sys_stackheap_outer.o)
    0x0800065a   0x0800065a   0x00000012   Code   RO         4098    .text               c_w.l(exit.o)
    0x0800066c   0x0800066c   0x0000000a   Code   RO         4102    .text               c_w.l(defsig_exit.o)
    0x08000676   0x08000676   0x00000002   PAD
    0x08000678   0x08000678   0x00000050   Code   RO         4104    .text               c_w.l(defsig_rtmem_inner.o)
    0x080006c8   0x080006c8   0x0000000c   Code   RO         4121    .text               c_w.l(sys_exit.o)
    0x080006d4   0x080006d4   0x00000002   Code   RO         4123    .text               c_w.l(use_no_semi.o)
    0x080006d6   0x080006d6   0x00000000   Code   RO         4125    .text               c_w.l(indicate_semi.o)
    0x080006d6   0x080006d6   0x00000032   Code   RO         4134    .text               c_w.l(defsig_general.o)
    0x08000708   0x08000708   0x0000000e   Code   RO         4158    .text               c_w.l(sys_wrch.o)
    0x08000716   0x08000716   0x00000002   Code   RO          317    i.BusFault_Handler  stm32f1xx_it.o
    0x08000718   0x08000718   0x0000000c   Code   RO          318    i.DMA1_Channel4_IRQHandler  stm32f1xx_it.o
    0x08000724   0x08000724   0x0000000c   Code   RO          319    i.DMA1_Channel5_IRQHandler  stm32f1xx_it.o
    0x08000730   0x08000730   0x0000002a   Code   RO          948    i.DMA_SetConfig     stm32f1xx_hal_dma.o
    0x0800075a   0x0800075a   0x00000002   Code   RO          320    i.DebugMon_Handler  stm32f1xx_it.o
    0x0800075c   0x0800075c   0x00000006   Code   RO          321    i.EXTI0_IRQHandler  stm32f1xx_it.o
    0x08000762   0x08000762   0x00000006   Code   RO          322    i.EXTI1_IRQHandler  stm32f1xx_it.o
    0x08000768   0x08000768   0x00000006   Code   RO          323    i.EXTI2_IRQHandler  stm32f1xx_it.o
    0x0800076e   0x0800076e   0x00000006   Code   RO          324    i.EXTI3_IRQHandler  stm32f1xx_it.o
    0x08000774   0x08000774   0x00000004   Code   RO          164    i.Error_Handler     main.o
    0x08000778   0x08000778   0x00000046   Code   RO          949    i.HAL_DMA_Abort     stm32f1xx_hal_dma.o
    0x080007be   0x080007be   0x00000002   PAD
    0x080007c0   0x080007c0   0x00000130   Code   RO          950    i.HAL_DMA_Abort_IT  stm32f1xx_hal_dma.o
    0x080008f0   0x080008f0   0x00000248   Code   RO          954    i.HAL_DMA_IRQHandler  stm32f1xx_hal_dma.o
    0x08000b38   0x08000b38   0x0000007c   Code   RO          955    i.HAL_DMA_Init      stm32f1xx_hal_dma.o
    0x08000bb4   0x08000bb4   0x00000070   Code   RO          959    i.HAL_DMA_Start_IT  stm32f1xx_hal_dma.o
    0x08000c24   0x08000c24   0x00000024   Code   RO          575    i.HAL_Delay         stm32f1xx_hal.o
    0x08000c48   0x08000c48   0x00000002   Code   RO          883    i.HAL_GPIO_EXTI_Callback  stm32f1xx_hal_gpio.o
    0x08000c4a   0x08000c4a   0x00000002   PAD
    0x08000c4c   0x08000c4c   0x00000018   Code   RO          884    i.HAL_GPIO_EXTI_IRQHandler  stm32f1xx_hal_gpio.o
    0x08000c64   0x08000c64   0x000001f8   Code   RO          885    i.HAL_GPIO_Init     stm32f1xx_hal_gpio.o
    0x08000e5c   0x08000e5c   0x0000000a   Code   RO          887    i.HAL_GPIO_ReadPin  stm32f1xx_hal_gpio.o
    0x08000e66   0x08000e66   0x00000010   Code   RO          888    i.HAL_GPIO_TogglePin  stm32f1xx_hal_gpio.o
    0x08000e76   0x08000e76   0x0000000a   Code   RO          889    i.HAL_GPIO_WritePin  stm32f1xx_hal_gpio.o
    0x08000e80   0x08000e80   0x0000000c   Code   RO          579    i.HAL_GetTick       stm32f1xx_hal.o
    0x08000e8c   0x08000e8c   0x0000005a   Code   RO          538    i.HAL_IWDG_Init     stm32f1xx_hal_iwdg.o
    0x08000ee6   0x08000ee6   0x0000000c   Code   RO          539    i.HAL_IWDG_Refresh  stm32f1xx_hal_iwdg.o
    0x08000ef2   0x08000ef2   0x00000002   PAD
    0x08000ef4   0x08000ef4   0x00000010   Code   RO          585    i.HAL_IncTick       stm32f1xx_hal.o
    0x08000f04   0x08000f04   0x00000024   Code   RO          586    i.HAL_Init          stm32f1xx_hal.o
    0x08000f28   0x08000f28   0x00000040   Code   RO          587    i.HAL_InitTick      stm32f1xx_hal.o
    0x08000f68   0x08000f68   0x0000003c   Code   RO          435    i.HAL_MspInit       stm32f1xx_hal_msp.o
    0x08000fa4   0x08000fa4   0x0000001a   Code   RO         1045    i.HAL_NVIC_EnableIRQ  stm32f1xx_hal_cortex.o
    0x08000fbe   0x08000fbe   0x00000002   PAD
    0x08000fc0   0x08000fc0   0x00000040   Code   RO         1051    i.HAL_NVIC_SetPriority  stm32f1xx_hal_cortex.o
    0x08001000   0x08001000   0x00000024   Code   RO         1052    i.HAL_NVIC_SetPriorityGrouping  stm32f1xx_hal_cortex.o
    0x08001024   0x08001024   0x0000012c   Code   RO          743    i.HAL_RCC_ClockConfig  stm32f1xx_hal_rcc.o
    0x08001150   0x08001150   0x00000020   Code   RO          750    i.HAL_RCC_GetPCLK1Freq  stm32f1xx_hal_rcc.o
    0x08001170   0x08001170   0x00000020   Code   RO          751    i.HAL_RCC_GetPCLK2Freq  stm32f1xx_hal_rcc.o
    0x08001190   0x08001190   0x0000004c   Code   RO          752    i.HAL_RCC_GetSysClockFreq  stm32f1xx_hal_rcc.o
    0x080011dc   0x080011dc   0x00000320   Code   RO          755    i.HAL_RCC_OscConfig  stm32f1xx_hal_rcc.o
    0x080014fc   0x080014fc   0x00000028   Code   RO         1056    i.HAL_SYSTICK_Config  stm32f1xx_hal_cortex.o
    0x08001524   0x08001524   0x0000007c   Code   RO         2270    i.HAL_TIMEx_MasterConfigSynchronization  stm32f1xx_hal_tim_ex.o
    0x080015a0   0x080015a0   0x0000005a   Code   RO         1547    i.HAL_TIM_Base_Init  stm32f1xx_hal_tim.o
    0x080015fa   0x080015fa   0x00000002   PAD
    0x080015fc   0x080015fc   0x00000024   Code   RO          437    i.HAL_TIM_Base_MspInit  stm32f1xx_hal_msp.o
    0x08001620   0x08001620   0x000000dc   Code   RO         1556    i.HAL_TIM_ConfigClockSource  stm32f1xx_hal_tim.o
    0x080016fc   0x080016fc   0x000000a4   Code   RO         1568    i.HAL_TIM_Encoder_Init  stm32f1xx_hal_tim.o
    0x080017a0   0x080017a0   0x000000a8   Code   RO          439    i.HAL_TIM_Encoder_MspInit  stm32f1xx_hal_msp.o
    0x08001848   0x08001848   0x0000008e   Code   RO         1571    i.HAL_TIM_Encoder_Start  stm32f1xx_hal_tim.o
    0x080018d6   0x080018d6   0x00000002   PAD
    0x080018d8   0x080018d8   0x00000048   Code   RO          440    i.HAL_TIM_MspPostInit  stm32f1xx_hal_msp.o
    0x08001920   0x08001920   0x000000cc   Code   RO         1619    i.HAL_TIM_PWM_ConfigChannel  stm32f1xx_hal_tim.o
    0x080019ec   0x080019ec   0x0000005a   Code   RO         1622    i.HAL_TIM_PWM_Init  stm32f1xx_hal_tim.o
    0x08001a46   0x08001a46   0x00000002   Code   RO         1624    i.HAL_TIM_PWM_MspInit  stm32f1xx_hal_tim.o
    0x08001a48   0x08001a48   0x000000b4   Code   RO         1627    i.HAL_TIM_PWM_Start  stm32f1xx_hal_tim.o
    0x08001afc   0x08001afc   0x00000002   Code   RO         2530    i.HAL_UARTEx_RxEventCallback  stm32f1xx_hal_uart.o
    0x08001afe   0x08001afe   0x00000002   Code   RO         2544    i.HAL_UART_ErrorCallback  stm32f1xx_hal_uart.o
    0x08001b00   0x08001b00   0x0000026c   Code   RO         2547    i.HAL_UART_IRQHandler  stm32f1xx_hal_uart.o
    0x08001d6c   0x08001d6c   0x00000064   Code   RO         2548    i.HAL_UART_Init     stm32f1xx_hal_uart.o
    0x08001dd0   0x08001dd0   0x000000e8   Code   RO          442    i.HAL_UART_MspInit  stm32f1xx_hal_msp.o
    0x08001eb8   0x08001eb8   0x0000001c   Code   RO         2552    i.HAL_UART_Receive_DMA  stm32f1xx_hal_uart.o
    0x08001ed4   0x08001ed4   0x00000002   Code   RO         2554    i.HAL_UART_RxCpltCallback  stm32f1xx_hal_uart.o
    0x08001ed6   0x08001ed6   0x00000002   Code   RO         2555    i.HAL_UART_RxHalfCpltCallback  stm32f1xx_hal_uart.o
    0x08001ed8   0x08001ed8   0x00000078   Code   RO         2557    i.HAL_UART_Transmit_DMA  stm32f1xx_hal_uart.o
    0x08001f50   0x08001f50   0x00000002   Code   RO         2559    i.HAL_UART_TxCpltCallback  stm32f1xx_hal_uart.o
    0x08001f52   0x08001f52   0x00000002   Code   RO         2560    i.HAL_UART_TxHalfCpltCallback  stm32f1xx_hal_uart.o
    0x08001f54   0x08001f54   0x00000002   Code   RO          325    i.HardFault_Handler  stm32f1xx_it.o
    0x08001f56   0x08001f56   0x00000002   PAD
    0x08001f58   0x08001f58   0x0000017c   Code   RO          165    i.MX_GPIO_Init      main.o
    0x080020d4   0x080020d4   0x0000006c   Code   RO          166    i.MX_TIM1_Init      main.o
    0x08002140   0x08002140   0x000000b0   Code   RO          167    i.MX_TIM2_Init      main.o
    0x080021f0   0x080021f0   0x00000068   Code   RO          168    i.MX_TIM3_Init      main.o
    0x08002258   0x08002258   0x00000002   Code   RO          326    i.MemManage_Handler  stm32f1xx_it.o
    0x0800225a   0x0800225a   0x00000002   Code   RO          327    i.NMI_Handler       stm32f1xx_it.o
    0x0800225c   0x0800225c   0x00000002   Code   RO          328    i.PendSV_Handler    stm32f1xx_it.o
    0x0800225e   0x0800225e   0x00000002   Code   RO          329    i.SVC_Handler       stm32f1xx_it.o
    0x08002260   0x08002260   0x00000004   Code   RO          330    i.SysTick_Handler   stm32f1xx_it.o
    0x08002264   0x08002264   0x00000064   Code   RO          169    i.SystemClock_Config  main.o
    0x080022c8   0x080022c8   0x00000002   Code   RO         2882    i.SystemInit        system_stm32f1xx.o
    0x080022ca   0x080022ca   0x00000002   PAD
    0x080022cc   0x080022cc   0x0000008c   Code   RO         1640    i.TIM_Base_SetConfig  stm32f1xx_hal_tim.o
    0x08002358   0x08002358   0x0000001a   Code   RO         1641    i.TIM_CCxChannelCmd  stm32f1xx_hal_tim.o
    0x08002372   0x08002372   0x00000014   Code   RO         1651    i.TIM_ETR_SetConfig  stm32f1xx_hal_tim.o
    0x08002386   0x08002386   0x00000010   Code   RO         1652    i.TIM_ITRx_SetConfig  stm32f1xx_hal_tim.o
    0x08002396   0x08002396   0x00000002   PAD
    0x08002398   0x08002398   0x00000060   Code   RO         1653    i.TIM_OC1_SetConfig  stm32f1xx_hal_tim.o
    0x080023f8   0x080023f8   0x0000006c   Code   RO         1654    i.TIM_OC2_SetConfig  stm32f1xx_hal_tim.o
    0x08002464   0x08002464   0x00000068   Code   RO         1655    i.TIM_OC3_SetConfig  stm32f1xx_hal_tim.o
    0x080024cc   0x080024cc   0x00000050   Code   RO         1656    i.TIM_OC4_SetConfig  stm32f1xx_hal_tim.o
    0x0800251c   0x0800251c   0x00000022   Code   RO         1658    i.TIM_TI1_ConfigInputStage  stm32f1xx_hal_tim.o
    0x0800253e   0x0800253e   0x00000024   Code   RO         1660    i.TIM_TI2_ConfigInputStage  stm32f1xx_hal_tim.o
    0x08002562   0x08002562   0x00000010   Code   RO         2561    i.UART_DMAAbortOnError  stm32f1xx_hal_uart.o
    0x08002572   0x08002572   0x0000004a   Code   RO         2562    i.UART_DMAError     stm32f1xx_hal_uart.o
    0x080025bc   0x080025bc   0x00000086   Code   RO         2563    i.UART_DMAReceiveCplt  stm32f1xx_hal_uart.o
    0x08002642   0x08002642   0x0000001e   Code   RO         2565    i.UART_DMARxHalfCplt  stm32f1xx_hal_uart.o
    0x08002660   0x08002660   0x00000042   Code   RO         2567    i.UART_DMATransmitCplt  stm32f1xx_hal_uart.o
    0x080026a2   0x080026a2   0x0000000a   Code   RO         2569    i.UART_DMATxHalfCplt  stm32f1xx_hal_uart.o
    0x080026ac   0x080026ac   0x0000004e   Code   RO         2571    i.UART_EndRxTransfer  stm32f1xx_hal_uart.o
    0x080026fa   0x080026fa   0x0000001c   Code   RO         2572    i.UART_EndTxTransfer  stm32f1xx_hal_uart.o
    0x08002716   0x08002716   0x000000c2   Code   RO         2573    i.UART_Receive_IT   stm32f1xx_hal_uart.o
    0x080027d8   0x080027d8   0x000000b8   Code   RO         2574    i.UART_SetConfig    stm32f1xx_hal_uart.o
    0x08002890   0x08002890   0x00000090   Code   RO         2575    i.UART_Start_Receive_DMA  stm32f1xx_hal_uart.o
    0x08002920   0x08002920   0x0000000c   Code   RO          331    i.USART1_IRQHandler  stm32f1xx_it.o
    0x0800292c   0x0800292c   0x00000002   Code   RO          332    i.UsageFault_Handler  stm32f1xx_it.o
    0x0800292e   0x0800292e   0x00000002   PAD
    0x08002930   0x08002930   0x0000009c   Code   RO         2961    i._Z11cmd_vel_msgRKN13geometry_msgs5TwistE  ros_main.o
    0x080029cc   0x080029cc   0x0000002a   Code   RO         2962    i._Z13get_rotationsd  ros_main.o
    0x080029f6   0x080029f6   0x00000002   PAD
    0x080029f8   0x080029f8   0x000000e4   Code   RO         2963    i._Z13twin_drive_ikdd  ros_main.o
    0x08002adc   0x08002adc   0x00000074   Code   RO         2964    i._Z14motor_selftestv  ros_main.o
    0x08002b50   0x08002b50   0x00000060   Code   RO         2965    i._Z16motor_controller11MOTOR_INDEX15MOTOR_DIRECTIONii  ros_main.o
    0x08002bb0   0x08002bb0   0x00000002   Code   RO         2966    i._Z22motor_peripherals_init11MOTOR_INDEX  ros_main.o
    0x08002bb2   0x08002bb2   0x0000003c   Code   RO         2969    i._Z9constrainddd   ros_main.o
    0x08002bee   0x08002bee   0x00000002   PAD
    0x08002bf0   0x08002bf0   0x000000a0   Code   RO         3359    i._ZN13STM32Hardware5writeEPhi  ros_main.o
    0x08002c90   0x08002c90   0x0000001c   Code   RO         3215    i._ZN13geometry_msgs5Twist11deserializeEPh  ros_main.o
    0x08002cac   0x08002cac   0x00000008   Code   RO         3239    i._ZN13geometry_msgs5Twist6getMD5Ev  ros_main.o
    0x08002cb4   0x08002cb4   0x00000008   Code   RO         3227    i._ZN13geometry_msgs5Twist7getTypeEv  ros_main.o
    0x08002cbc   0x08002cbc   0x0000002a   Code   RO         3115    i._ZN13geometry_msgs7Vector311deserializeEPh  ros_main.o
    0x08002ce6   0x08002ce6   0x00000002   PAD
    0x08002ce8   0x08002ce8   0x00000008   Code   RO         3347    i._ZN13geometry_msgs7Vector36getMD5Ev  ros_main.o
    0x08002cf0   0x08002cf0   0x00000008   Code   RO         3341    i._ZN13geometry_msgs7Vector37getTypeEv  ros_main.o
    0x08002cf8   0x08002cf8   0x00000014   Code   RO         3158    i._ZN13geometry_msgs7Vector3C1Ev  ros_main.o
    0x08002d0c   0x08002d0c   0x0000012a   Code   RO         3077    i._ZN14rosserial_msgs20RequestParamResponse11deserializeEPh  ros_main.o
    0x08002e36   0x08002e36   0x00000002   PAD
    0x08002e38   0x08002e38   0x00000008   Code   RO         3335    i._ZN14rosserial_msgs20RequestParamResponse6getMD5Ev  ros_main.o
    0x08002e40   0x08002e40   0x00000008   Code   RO         3329    i._ZN14rosserial_msgs20RequestParamResponse7getTypeEv  ros_main.o
    0x08002e48   0x08002e48   0x00000008   Code   RO         3394    i._ZN14rosserial_msgs3Log6getMD5Ev  ros_main.o
    0x08002e50   0x08002e50   0x00000008   Code   RO         3388    i._ZN14rosserial_msgs3Log7getTypeEv  ros_main.o
    0x08002e58   0x08002e58   0x00000008   Code   RO         3317    i._ZN14rosserial_msgs9TopicInfo6getMD5Ev  ros_main.o
    0x08002e60   0x08002e60   0x00000008   Code   RO         3311    i._ZN14rosserial_msgs9TopicInfo7getTypeEv  ros_main.o
    0x08002e68   0x08002e68   0x00000020   Code   RO         3665    i._ZN3ros16normalizeSecNSecERjS0_  time.o
    0x08002e88   0x08002e88   0x00000054   Code   RO         3103    i._ZN3ros3Msg19serializeAvrFloat64EPhf  ros_main.o
    0x08002edc   0x08002edc   0x00000054   Code   RO         3109    i._ZN3ros3Msg21deserializeAvrFloat64EPKhPf  ros_main.o
    0x08002f30   0x08002f30   0x0000003e   Code   RO         3083    i._ZN8std_msgs4Time11deserializeEPh  ros_main.o
    0x08002f6e   0x08002f6e   0x00000002   PAD
    0x08002f70   0x08002f70   0x00000008   Code   RO         3269    i._ZN8std_msgs4Time6getMD5Ev  ros_main.o
    0x08002f78   0x08002f78   0x00000008   Code   RO         3263    i._ZN8std_msgs4Time7getTypeEv  ros_main.o
    0x08002f80   0x08002f80   0x00000010   Code   RO         3133    i._ZN8std_msgs4TimeC1Ev  ros_main.o
    0x08002f90   0x08002f90   0x00000008   Code   RO         3293    i._ZN8std_msgs6String6getMD5Ev  ros_main.o
    0x08002f98   0x08002f98   0x00000008   Code   RO         3287    i._ZN8std_msgs6String7getTypeEv  ros_main.o
    0x08002fa0   0x08002fa0   0x0000001c   Code   RO         3353    i._ZNK13geometry_msgs5Twist9serializeEPh  ros_main.o
    0x08002fbc   0x08002fbc   0x00000026   Code   RO         3121    i._ZNK13geometry_msgs7Vector39serializeEPh  ros_main.o
    0x08002fe2   0x08002fe2   0x000000d2   Code   RO         3323    i._ZNK14rosserial_msgs20RequestParamResponse9serializeEPh  ros_main.o
    0x080030b4   0x080030b4   0x00000028   Code   RO         3376    i._ZNK14rosserial_msgs3Log9serializeEPh  ros_main.o
    0x080030dc   0x080030dc   0x00000082   Code   RO         3299    i._ZNK14rosserial_msgs9TopicInfo9serializeEPh  ros_main.o
    0x0800315e   0x0800315e   0x00000032   Code   RO         3257    i._ZNK8std_msgs4Time9serializeEPh  ros_main.o
    0x08003190   0x08003190   0x00000024   Code   RO         3275    i._ZNK8std_msgs6String9serializeEPh  ros_main.o
    0x080031b4   0x080031b4   0x00000020   Code   RO         1058    i.__NVIC_SetPriority  stm32f1xx_hal_cortex.o
    0x080031d4   0x080031d4   0x000000bc   Code   RO         2970    i.__sti___12_ros_main_cpp_ab0e6571  ros_main.o
    0x08003290   0x08003290   0x00000080   Code   RO         2971    i.loop              ros_main.o
    0x08003310   0x08003310   0x000000fc   Code   RO          170    i.main              main.o
    0x0800340c   0x0800340c   0x00000030   Code   RO           13    i.motor_backward    motor.o
    0x0800343c   0x0800343c   0x00000030   Code   RO           14    i.motor_forward     motor.o
    0x0800346c   0x0800346c   0x00000008   Code   RO           15    i.motor_get_counter  motor.o
    0x08003474   0x08003474   0x00000020   Code   RO           16    i.motor_pwm         motor.o
    0x08003494   0x08003494   0x00000016   Code   RO           17    i.motor_set_direction  motor.o
    0x080034aa   0x080034aa   0x0000001c   Code   RO           18    i.motor_stop        motor.o
    0x080034c6   0x080034c6   0x00000002   PAD
    0x080034c8   0x080034c8   0x000000c0   Code   RO         2972    i.setup             ros_main.o
    0x08003588   0x08003588   0x00000008   Code   RO         3233    t._ZN3ros10SubscriberIN13geometry_msgs5TwistEvE10getMsgTypeEv  ros_main.o
    0x08003590   0x08003590   0x00000004   Code   RO         3251    t._ZN3ros10SubscriberIN13geometry_msgs5TwistEvE15getEndpointTypeEv  ros_main.o
    0x08003594   0x08003594   0x00000016   Code   RO         3221    t._ZN3ros10SubscriberIN13geometry_msgs5TwistEvE8callbackEPh  ros_main.o
    0x080035aa   0x080035aa   0x00000002   PAD
    0x080035ac   0x080035ac   0x00000008   Code   RO         3245    t._ZN3ros10SubscriberIN13geometry_msgs5TwistEvE9getMsgMD5Ev  ros_main.o
    0x080035b4   0x080035b4   0x000000d0   Code   RO         3089    t._ZN3ros11NodeHandle_I13STM32HardwareLi25ELi25ELi1024ELi1024EE15negotiateTopicsEv  ros_main.o
    0x08003684   0x08003684   0x00000020   Code   RO         3139    t._ZN3ros11NodeHandle_I13STM32HardwareLi25ELi25ELi1024ELi1024EE15requestSyncTimeEv  ros_main.o
    0x080036a4   0x080036a4   0x000000bc   Code   RO         3208    t._ZN3ros11NodeHandle_I13STM32HardwareLi25ELi25ELi1024ELi1024EE7publishEiPKNS_3MsgE  ros_main.o
    0x08003760   0x08003760   0x00000290   Code   RO         3096    t._ZN3ros11NodeHandle_I13STM32HardwareLi25ELi25ELi1024ELi1024EE8spinOnceEv  ros_main.o
    0x080039f0   0x080039f0   0x0000002a   Code   RO         3127    t._ZN3ros11NodeHandle_I13STM32HardwareLi25ELi25ELi1024ELi1024EE9advertiseERNS_9PublisherE  ros_main.o
    0x08003a1a   0x08003a1a   0x00000002   PAD
    0x08003a1c   0x08003a1c   0x00000090   Code   RO         3152    t._ZN3ros11NodeHandle_I13STM32HardwareLi25ELi25ELi1024ELi1024EEC1Ev  ros_main.o
    0x08003aac   0x08003aac   0x0000001a   Code   RO         3146    t._ZN3ros3Msg8arrToVarIjPhEEvRT_T0_  ros_main.o
    0x08003ac6   0x08003ac6   0x00000012   Code   RO         3365    t._ZN3ros3Msg8varToArrIPhjEEvT_T0_  ros_main.o
    0x08003ad8   0x08003ad8   0x00000150   Code   RO         3886    x$fpl$dadd          fz_ws.l(daddsub_clz.o)
    0x08003c28   0x08003c28   0x00000010   Code   RO         4016    x$fpl$dcheck1       fz_ws.l(dcheck1.o)
    0x08003c38   0x08003c38   0x00000018   Code   RO         4018    x$fpl$dcmpinf       fz_ws.l(dcmpi.o)
    0x08003c50   0x08003c50   0x000002b0   Code   RO         3893    x$fpl$ddiv          fz_ws.l(ddiv.o)
    0x08003f00   0x08003f00   0x0000005e   Code   RO         3896    x$fpl$dfix          fz_ws.l(dfix.o)
    0x08003f5e   0x08003f5e   0x0000002e   Code   RO         3901    x$fpl$dflt          fz_ws.l(dflt_clz.o)
    0x08003f8c   0x08003f8c   0x00000078   Code   RO         3906    x$fpl$dleqf         fz_ws.l(dleqf.o)
    0x08004004   0x08004004   0x00000154   Code   RO         3908    x$fpl$dmul          fz_ws.l(dmul.o)
    0x08004158   0x08004158   0x0000009c   Code   RO         4020    x$fpl$dnaninf       fz_ws.l(dnaninf.o)
    0x080041f4   0x080041f4   0x0000000c   Code   RO         4022    x$fpl$dretinf       fz_ws.l(dretinf.o)
    0x08004200   0x08004200   0x0000006c   Code   RO         3910    x$fpl$drleqf        fz_ws.l(drleqf.o)
    0x0800426c   0x0800426c   0x00000016   Code   RO         3887    x$fpl$drsb          fz_ws.l(daddsub_clz.o)
    0x08004282   0x08004282   0x00000002   PAD
    0x08004284   0x08004284   0x000001d4   Code   RO         3888    x$fpl$dsub          fz_ws.l(daddsub_clz.o)
    0x08004458   0x08004458   0x00000056   Code   RO         3912    x$fpl$f2d           fz_ws.l(f2d.o)
    0x080044ae   0x080044ae   0x00000002   PAD
    0x080044b0   0x080044b0   0x00000030   Code   RO         3915    x$fpl$fflt          fz_ws.l(fflt_clz.o)
    0x080044e0   0x080044e0   0x0000008c   Code   RO         4024    x$fpl$fnaninf       fz_ws.l(fnaninf.o)
    0x0800456c   0x0800456c   0x00000064   Code   RO         4081    x$fpl$retnan        fz_ws.l(retnan.o)
    0x080045d0   0x080045d0   0x0000005c   Code   RO         3920    x$fpl$scalbn        fz_ws.l(scalbn.o)
    0x0800462c   0x0800462c   0x00000030   Code   RO         4119    x$fpl$trapveneer    fz_ws.l(trapv.o)
    0x0800465c   0x0800465c   0x00000000   Code   RO         4026    x$fpl$usenofp       fz_ws.l(usenofp.o)
    0x0800465c   0x0800465c   0x00000048   Data   RO          174    .constdata          main.o
    0x080046a4   0x080046a4   0x00000012   Data   RO          756    .constdata          stm32f1xx_hal_rcc.o
    0x080046b6   0x080046b6   0x00000010   Data   RO         2883    .constdata          system_stm32f1xx.o
    0x080046c6   0x080046c6   0x00000008   Data   RO         2884    .constdata          system_stm32f1xx.o
    0x080046ce   0x080046ce   0x0000001c   Data   RO         2986    .constdata          ros_main.o
    0x080046ea   0x080046ea   0x00000002   PAD
    0x080046ec   0x080046ec   0x00000018   Data   RO         3175    .constdata__ZTVN13geometry_msgs5TwistE  ros_main.o
    0x08004704   0x08004704   0x00000018   Data   RO         3173    .constdata__ZTVN13geometry_msgs7Vector3E  ros_main.o
    0x0800471c   0x0800471c   0x00000018   Data   RO         3169    .constdata__ZTVN14rosserial_msgs20RequestParamResponseE  ros_main.o
    0x08004734   0x08004734   0x00000018   Data   RO         3372    .constdata__ZTVN14rosserial_msgs3LogE  ros_main.o
    0x0800474c   0x0800474c   0x00000018   Data   RO         3167    .constdata__ZTVN14rosserial_msgs9TopicInfoE  ros_main.o
    0x08004764   0x08004764   0x00000018   Data   RO         3179    .constdata__ZTVN3ros10SubscriberIN13geometry_msgs5TwistEvEE  ros_main.o
    0x0800477c   0x0800477c   0x00000014   Data   RO         3177    .constdata__ZTVN3ros11NodeHandle_I13STM32HardwareLi25ELi25ELi1024ELi1024EEE  ros_main.o
    0x08004790   0x08004790   0x00000018   Data   RO         3165    .constdata__ZTVN8std_msgs4TimeE  ros_main.o
    0x080047a8   0x080047a8   0x00000018   Data   RO         3171    .constdata__ZTVN8std_msgs6StringE  ros_main.o
    0x080047c0   0x080047c0   0x00000021   Data   RO         3075    .constdata__ZZN13geometry_msgs5Twist6getMD5EvEs  ros_main.o
    0x080047e1   0x080047e1   0x00000014   Data   RO         3074    .constdata__ZZN13geometry_msgs5Twist7getTypeEvEs  ros_main.o
    0x080047f5   0x080047f5   0x00000021   Data   RO         3073    .constdata__ZZN13geometry_msgs7Vector36getMD5EvEs  ros_main.o
    0x08004816   0x08004816   0x00000016   Data   RO         3072    .constdata__ZZN13geometry_msgs7Vector37getTypeEvEs  ros_main.o
    0x0800482c   0x0800482c   0x00000021   Data   RO         3068    .constdata__ZZN14rosserial_msgs20RequestParamResponse6getMD5EvEs  ros_main.o
    0x0800484d   0x0800484d   0x00000021   Data   RO         3067    .constdata__ZZN14rosserial_msgs3Log6getMD5EvEs  ros_main.o
    0x0800486e   0x0800486e   0x00000013   Data   RO         3066    .constdata__ZZN14rosserial_msgs3Log7getTypeEvEs  ros_main.o
    0x08004881   0x08004881   0x00000021   Data   RO         3064    .constdata__ZZN14rosserial_msgs9TopicInfo6getMD5EvEs  ros_main.o
    0x080048a2   0x080048a2   0x00000019   Data   RO         3063    .constdata__ZZN14rosserial_msgs9TopicInfo7getTypeEvEs  ros_main.o
    0x080048bb   0x080048bb   0x00000001   Data   RO         3062    .constdata__ZZN14rosserial_msgs9TopicInfoC1EvEs  ros_main.o
    0x080048bc   0x080048bc   0x00000039   Data   RO         3076    .constdata__ZZN3ros11NodeHandle_I13STM32HardwareLi25ELi25ELi1024ELi1024EE7publishEiPKNS_3MsgEEs  ros_main.o
    0x080048f5   0x080048f5   0x00000021   Data   RO         3061    .constdata__ZZN8std_msgs4Time6getMD5EvEs  ros_main.o
    0x08004916   0x08004916   0x0000000e   Data   RO         3060    .constdata__ZZN8std_msgs4Time7getTypeEvEs  ros_main.o
    0x08004924   0x08004924   0x00000021   Data   RO         3071    .constdata__ZZN8std_msgs6String6getMD5EvEs  ros_main.o
    0x08004945   0x08004945   0x00000010   Data   RO         3070    .constdata__ZZN8std_msgs6String7getTypeEvEs  ros_main.o
    0x08004955   0x08004955   0x00000001   Data   RO         3069    .constdata__ZZN8std_msgs6StringC1EvEs  ros_main.o
    0x08004956   0x08004956   0x00000002   PAD
    0x08004958   0x08004958   0x00000020   Data   RO         4188    Region$$Table       anon$$obj.o
    0x08004978   0x08004978   0x00000004   Data   RO         2989    .init_array         ros_main.o
    0x0800497c   0x08004978   0x00000000   Data   RO         3775    .init_array         c_w.l(init_aeabi.o)


    Execution Region RW_IRAM1 (Exec base: 0x20000000, Load base: 0x0800497c, Size: 0x00002820, Max: 0x00010000, ABSOLUTE)

    Exec Addr    Load Addr    Size         Type   Attr      Idx    E Section Name        Object

    0x20000000   0x0800497c   0x00000008   Data   RW          175    .data               main.o
    0x20000008   0x08004984   0x0000000c   Data   RW          593    .data               stm32f1xx_hal.o
    0x20000014   0x08004990   0x00000004   Data   RW         2885    .data               system_stm32f1xx.o
    0x20000018   0x08004994   0x00000048   Data   RW         2987    .data               ros_main.o
    0x20000060   0x080049dc   0x00000001   Data   RW         3373    .data__ZZN13STM32Hardware5flushEvE5mutex  ros_main.o
    0x20000061   0x080049dd   0x00000003   PAD
    0x20000064        -       0x0000012c   Zero   RW          171    .bss                main.o
    0x20000190        -       0x00000044   Zero   RW          172    .bss                main.o
    0x200001d4        -       0x00000044   Zero   RW          173    .bss                main.o
    0x20000218        -       0x00000da8   Zero   RW         2985    .bss                ros_main.o
    0x20000fc0        -       0x00000060   Zero   RW         4028    .bss                c_w.l(libspace.o)
    0x20001020        -       0x00001000   Zero   RW            2    HEAP                startup_stm32f103xe.o
    0x20002020        -       0x00000800   Zero   RW            1    STACK               startup_stm32f103xe.o


==============================================================================

Image component sizes


      Code (inc. data)   RO Data    RW Data    ZI Data      Debug   Object Name

         0          0          0          0          0       4312   duration.o
      1124         74         72          8        436     486116   main.o
       186          0          0          0          0     491104   motor.o
      4002        276        650         73       3496     495784   ros_main.o
        64         26        304          0       6144        788   startup_stm32f103xe.o
       164         28          0         12          0       6325   stm32f1xx_hal.o
       198         14          0          0          0      28803   stm32f1xx_hal_cortex.o
      1236         52          0          0          0       4958   stm32f1xx_hal_dma.o
       566         48          0          0          0       5092   stm32f1xx_hal_gpio.o
       102          0          0          0          0       1767   stm32f1xx_hal_iwdg.o
       568         74          0          0          0       3700   stm32f1xx_hal_msp.o
      1240         84         18          0          0       4972   stm32f1xx_hal_rcc.o
      1752         76          0          0          0      13987   stm32f1xx_hal_tim.o
       124         20          0          0          0       1312   stm32f1xx_hal_tim_ex.o
      1838         38          0          0          0      14528   stm32f1xx_hal_uart.o
        80         18          0          0          0       6572   stm32f1xx_it.o
         2          0         24          4          0       1047   system_stm32f1xx.o
        32          4          0          0          0        867   time.o

    ----------------------------------------------------------------------
     13314        832       1104        100      10076    1572034   Object Totals
         0          0         32          0          0          0   (incl. Generated)
        36          0          4          3          0          0   (incl. Padding)

    ----------------------------------------------------------------------

      Code (inc. data)   RO Data    RW Data    ZI Data      Debug   Library Member Name

         8          0          0          0          0         68   __main.o
         0          0          0          0          0          0   __rtentry.o
        12          0          0          0          0          0   __rtentry2.o
         6          0          0          0          0          0   __rtentry4.o
        52          8          0          0          0          0   __scatter.o
        26          0          0          0          0          0   __scatter_copy.o
        28          0          0          0          0          0   __scatter_zi.o
        10          0          0          0          0         68   defsig_exit.o
        50          0          0          0          0         88   defsig_general.o
        80         58          0          0          0         76   defsig_rtmem_inner.o
        14          0          0          0          0         80   defsig_rtmem_outer.o
        18          0          0          0          0         80   exit.o
        94          0          0          0          0         80   h1_alloc.o
        52          0          0          0          0         68   h1_extend.o
        78          0          0          0          0         80   h1_free.o
        14          0          0          0          0         84   h1_init.o
       184          0          0          0          0         92   h1_realloc.o
         6          0          0          0          0        152   heapauxi.o
         4          0          0          0          0        136   hguard.o
         0          0          0          0          0          0   indicate_semi.o
        36         10          0          0          0         80   init_aeabi.o
       138          0          0          0          0        168   init_alloc.o
         2          0          0          0          0          0   libinit.o
        14          0          0          0          0          0   libinit2.o
         2          0          0          0          0          0   libshutdown.o
         2          0          0          0          0          0   libshutdown2.o
         8          4          0          0         96         68   libspace.o
         0          0          0          0          0          0   maybetermalloc1.o
         8          4          0          0          0         68   rt_heap_descriptor_intlibspace.o
        78          0          0          0          0         80   rt_memclr_w.o
       138          0          0          0          0         68   rt_memcpy_v6.o
       100          0          0          0          0         80   rt_memcpy_w.o
         2          0          0          0          0          0   rtexit.o
        10          0          0          0          0          0   rtexit2.o
        62          0          0          0          0         76   strlen.o
        12          4          0          0          0         68   sys_exit.o
        74          0          0          0          0         80   sys_stackheap_outer.o
        14          0          0          0          0         76   sys_wrch.o
         2          0          0          0          0         68   use_no_semi.o
       826         16          0          0          0        348   daddsub_clz.o
        16          4          0          0          0         68   dcheck1.o
        24          0          0          0          0         68   dcmpi.o
       688        140          0          0          0        208   ddiv.o
        94          4          0          0          0         92   dfix.o
        46          0          0          0          0         68   dflt_clz.o
       120          4          0          0          0         92   dleqf.o
       340         12          0          0          0        104   dmul.o
       156          4          0          0          0         92   dnaninf.o
        12          0          0          0          0         68   dretinf.o
       108          0          0          0          0         80   drleqf.o
        86          4          0          0          0         84   f2d.o
        48          0          0          0          0         68   fflt_clz.o
       140          4          0          0          0         84   fnaninf.o
       100          0          0          0          0         68   retnan.o
        92          0          0          0          0         68   scalbn.o
        48          0          0          0          0         68   trapv.o
         0          0          0          0          0          0   usenofp.o

    ----------------------------------------------------------------------
      4394        280          0          0         96       3860   Library Totals
        12          0          0          0          0          0   (incl. Padding)

    ----------------------------------------------------------------------

      Code (inc. data)   RO Data    RW Data    ZI Data      Debug   Library Name

      1438         88          0          0         96       2132   c_w.l
      2944        192          0          0          0       1728   fz_ws.l

    ----------------------------------------------------------------------
      4394        280          0          0         96       3860   Library Totals

    ----------------------------------------------------------------------

==============================================================================


      Code (inc. data)   RO Data    RW Data    ZI Data      Debug   

     17708       1112       1104        100      10172    1565906   Grand Totals
     17708       1112       1104        100      10172    1565906   ELF Image Totals
     17708       1112       1104        100          0          0   ROM Totals

==============================================================================

    Total RO  Size (Code + RO Data)                18812 (  18.37kB)
    Total RW  Size (RW Data + ZI Data)             10272 (  10.03kB)
    Total ROM Size (Code + RO Data + RW Data)      18912 (  18.47kB)

==============================================================================

